Archive member included to satisfy reference by file (symbol)

c:/st/stm32cubeide_1.6.1/stm32cubeide/plugins/com.st.stm32cube.ide.mcu.externaltools.gnu-tools-for-stm32.9-2020-q2-update.win32_1.5.0.202011040924/tools/bin/../lib/gcc/arm-none-eabi/9.3.1/../../../../arm-none-eabi/lib/thumb/v7e-m+fp/hard\libc_nano.a(lib_a-errno.o)
                              Core/Src/syscalls.o (__errno)
c:/st/stm32cubeide_1.6.1/stm32cubeide/plugins/com.st.stm32cube.ide.mcu.externaltools.gnu-tools-for-stm32.9-2020-q2-update.win32_1.5.0.202011040924/tools/bin/../lib/gcc/arm-none-eabi/9.3.1/../../../../arm-none-eabi/lib/thumb/v7e-m+fp/hard\libc_nano.a(lib_a-exit.o)
                              c:/st/stm32cubeide_1.6.1/stm32cubeide/plugins/com.st.stm32cube.ide.mcu.externaltools.gnu-tools-for-stm32.9-2020-q2-update.win32_1.5.0.202011040924/tools/bin/../lib/gcc/arm-none-eabi/9.3.1/../../../../arm-none-eabi/lib/thumb/v7e-m+fp/hard/crt0.o (exit)
c:/st/stm32cubeide_1.6.1/stm32cubeide/plugins/com.st.stm32cube.ide.mcu.externaltools.gnu-tools-for-stm32.9-2020-q2-update.win32_1.5.0.202011040924/tools/bin/../lib/gcc/arm-none-eabi/9.3.1/../../../../arm-none-eabi/lib/thumb/v7e-m+fp/hard\libc_nano.a(lib_a-impure.o)
                              c:/st/stm32cubeide_1.6.1/stm32cubeide/plugins/com.st.stm32cube.ide.mcu.externaltools.gnu-tools-for-stm32.9-2020-q2-update.win32_1.5.0.202011040924/tools/bin/../lib/gcc/arm-none-eabi/9.3.1/../../../../arm-none-eabi/lib/thumb/v7e-m+fp/hard\libc_nano.a(lib_a-exit.o) (_global_impure_ptr)
c:/st/stm32cubeide_1.6.1/stm32cubeide/plugins/com.st.stm32cube.ide.mcu.externaltools.gnu-tools-for-stm32.9-2020-q2-update.win32_1.5.0.202011040924/tools/bin/../lib/gcc/arm-none-eabi/9.3.1/../../../../arm-none-eabi/lib/thumb/v7e-m+fp/hard\libc_nano.a(lib_a-init.o)
                              c:/st/stm32cubeide_1.6.1/stm32cubeide/plugins/com.st.stm32cube.ide.mcu.externaltools.gnu-tools-for-stm32.9-2020-q2-update.win32_1.5.0.202011040924/tools/bin/../lib/gcc/arm-none-eabi/9.3.1/../../../../arm-none-eabi/lib/thumb/v7e-m+fp/hard/crt0.o (__libc_init_array)
c:/st/stm32cubeide_1.6.1/stm32cubeide/plugins/com.st.stm32cube.ide.mcu.externaltools.gnu-tools-for-stm32.9-2020-q2-update.win32_1.5.0.202011040924/tools/bin/../lib/gcc/arm-none-eabi/9.3.1/../../../../arm-none-eabi/lib/thumb/v7e-m+fp/hard\libc_nano.a(lib_a-memcpy-stub.o)
                              Middlewares/Third_Party/FreeRTOS/Source/queue.o (memcpy)
c:/st/stm32cubeide_1.6.1/stm32cubeide/plugins/com.st.stm32cube.ide.mcu.externaltools.gnu-tools-for-stm32.9-2020-q2-update.win32_1.5.0.202011040924/tools/bin/../lib/gcc/arm-none-eabi/9.3.1/../../../../arm-none-eabi/lib/thumb/v7e-m+fp/hard\libc_nano.a(lib_a-memset.o)
                              c:/st/stm32cubeide_1.6.1/stm32cubeide/plugins/com.st.stm32cube.ide.mcu.externaltools.gnu-tools-for-stm32.9-2020-q2-update.win32_1.5.0.202011040924/tools/bin/../lib/gcc/arm-none-eabi/9.3.1/../../../../arm-none-eabi/lib/thumb/v7e-m+fp/hard/crt0.o (memset)
c:/st/stm32cubeide_1.6.1/stm32cubeide/plugins/com.st.stm32cube.ide.mcu.externaltools.gnu-tools-for-stm32.9-2020-q2-update.win32_1.5.0.202011040924/tools/bin/../lib/gcc/arm-none-eabi/9.3.1/thumb/v7e-m+fp/hard\libgcc.a(_aeabi_uldivmod.o)
                              Drivers/STM32F4xx_HAL_Driver/Src/stm32f4xx_hal_rcc.o (__aeabi_uldivmod)
c:/st/stm32cubeide_1.6.1/stm32cubeide/plugins/com.st.stm32cube.ide.mcu.externaltools.gnu-tools-for-stm32.9-2020-q2-update.win32_1.5.0.202011040924/tools/bin/../lib/gcc/arm-none-eabi/9.3.1/thumb/v7e-m+fp/hard\libgcc.a(_udivmoddi4.o)
                              c:/st/stm32cubeide_1.6.1/stm32cubeide/plugins/com.st.stm32cube.ide.mcu.externaltools.gnu-tools-for-stm32.9-2020-q2-update.win32_1.5.0.202011040924/tools/bin/../lib/gcc/arm-none-eabi/9.3.1/thumb/v7e-m+fp/hard\libgcc.a(_aeabi_uldivmod.o) (__udivmoddi4)
c:/st/stm32cubeide_1.6.1/stm32cubeide/plugins/com.st.stm32cube.ide.mcu.externaltools.gnu-tools-for-stm32.9-2020-q2-update.win32_1.5.0.202011040924/tools/bin/../lib/gcc/arm-none-eabi/9.3.1/thumb/v7e-m+fp/hard\libgcc.a(_dvmd_tls.o)
                              c:/st/stm32cubeide_1.6.1/stm32cubeide/plugins/com.st.stm32cube.ide.mcu.externaltools.gnu-tools-for-stm32.9-2020-q2-update.win32_1.5.0.202011040924/tools/bin/../lib/gcc/arm-none-eabi/9.3.1/thumb/v7e-m+fp/hard\libgcc.a(_aeabi_uldivmod.o) (__aeabi_ldiv0)

Allocating common symbols
Common symbol       size              file

hUsbDeviceFS        0x2d0             USB_DEVICE/App/usb_device.o
huart3              0x44              Core/Src/main.o
hpcd_USB_OTG_FS     0x408             USB_DEVICE/Target/usbd_conf.o
uwTick              0x4               Drivers/STM32F4xx_HAL_Driver/Src/stm32f4xx_hal.o
xQueueRegistry      0x40              Middlewares/Third_Party/FreeRTOS/Source/queue.o
pFlash              0x20              Drivers/STM32F4xx_HAL_Driver/Src/stm32f4xx_hal_flash.o
UserRxBufferFS      0x800             USB_DEVICE/App/usbd_cdc_if.o
huart5              0x44              Core/Src/main.o
[...]
Memory Configuration

Name             Origin             Length             Attributes
CCMRAM           0x0000000010000000 0x0000000000010000 xrw
RAM              0x0000000020000000 0x0000000000020000 xrw
FLASH            0x0000000008000000 0x0000000000100000 xr
*default*        0x0000000000000000 0xffffffffffffffff

Linker script and memory map

LOAD c:/st/stm32cubeide_1.6.1/stm32cubeide/plugins/com.st.stm32cube.ide.mcu.externaltools.gnu-tools-for-stm32.9-2020-q2-update.win32_1.5.0.202011040924/tools/bin/../lib/gcc/arm-none-eabi/9.3.1/thumb/v7e-m+fp/hard/crti.o
LOAD c:/st/stm32cubeide_1.6.1/stm32cubeide/plugins/com.st.stm32cube.ide.mcu.externaltools.gnu-tools-for-stm32.9-2020-q2-update.win32_1.5.0.202011040924/tools/bin/../lib/gcc/arm-none-eabi/9.3.1/thumb/v7e-m+fp/hard/crtbegin.o
LOAD c:/st/stm32cubeide_1.6.1/stm32cubeide/plugins/com.st.stm32cube.ide.mcu.externaltools.gnu-tools-for-stm32.9-2020-q2-update.win32_1.5.0.202011040924/tools/bin/../lib/gcc/arm-none-eabi/9.3.1/../../../../arm-none-eabi/lib/thumb/v7e-m+fp/hard/crt0.o
LOAD Core/Src/freertos.o
LOAD Core/Src/main.o
LOAD Core/Src/stm32f4xx_hal_msp.o
LOAD Core/Src/stm32f4xx_hal_timebase_tim.o
LOAD Core/Src/stm32f4xx_it.o
LOAD Core/Src/syscalls.o
LOAD Core/Src/sysmem.o
LOAD Core/Src/system_stm32f4xx.o
LOAD Core/Startup/startup_stm32f405rgtx.o
LOAD Drivers/STM32F4xx_HAL_Driver/Src/stm32f4xx_hal.o
LOAD Drivers/STM32F4xx_HAL_Driver/Src/stm32f4xx_hal_adc.o
LOAD Drivers/STM32F4xx_HAL_Driver/Src/stm32f4xx_hal_adc_ex.o
LOAD Drivers/STM32F4xx_HAL_Driver/Src/stm32f4xx_hal_can.o
LOAD Drivers/STM32F4xx_HAL_Driver/Src/stm32f4xx_hal_cortex.o
LOAD Drivers/STM32F4xx_HAL_Driver/Src/stm32f4xx_hal_dac.o
LOAD Drivers/STM32F4xx_HAL_Driver/Src/stm32f4xx_hal_dac_ex.o
LOAD Drivers/STM32F4xx_HAL_Driver/Src/stm32f4xx_hal_dma.o
LOAD Drivers/STM32F4xx_HAL_Driver/Src/stm32f4xx_hal_dma_ex.o
LOAD Drivers/STM32F4xx_HAL_Driver/Src/stm32f4xx_hal_exti.o
LOAD Drivers/STM32F4xx_HAL_Driver/Src/stm32f4xx_hal_flash.o
LOAD Drivers/STM32F4xx_HAL_Driver/Src/stm32f4xx_hal_flash_ex.o
LOAD Drivers/STM32F4xx_HAL_Driver/Src/stm32f4xx_hal_flash_ramfunc.o
LOAD Drivers/STM32F4xx_HAL_Driver/Src/stm32f4xx_hal_gpio.o
LOAD Drivers/STM32F4xx_HAL_Driver/Src/stm32f4xx_hal_pcd.o
LOAD Drivers/STM32F4xx_HAL_Driver/Src/stm32f4xx_hal_pcd_ex.o
LOAD Drivers/STM32F4xx_HAL_Driver/Src/stm32f4xx_hal_pwr.o
LOAD Drivers/STM32F4xx_HAL_Driver/Src/stm32f4xx_hal_pwr_ex.o
LOAD Drivers/STM32F4xx_HAL_Driver/Src/stm32f4xx_hal_rcc.o
LOAD Drivers/STM32F4xx_HAL_Driver/Src/stm32f4xx_hal_rcc_ex.o
LOAD Drivers/STM32F4xx_HAL_Driver/Src/stm32f4xx_hal_rtc.o
LOAD Drivers/STM32F4xx_HAL_Driver/Src/stm32f4xx_hal_rtc_ex.o
LOAD Drivers/STM32F4xx_HAL_Driver/Src/stm32f4xx_hal_smbus.o
LOAD Drivers/STM32F4xx_HAL_Driver/Src/stm32f4xx_hal_spi.o
LOAD Drivers/STM32F4xx_HAL_Driver/Src/stm32f4xx_hal_tim.o
LOAD Drivers/STM32F4xx_HAL_Driver/Src/stm32f4xx_hal_tim_ex.o
LOAD Drivers/STM32F4xx_HAL_Driver/Src/stm32f4xx_hal_uart.o
LOAD Drivers/STM32F4xx_HAL_Driver/Src/stm32f4xx_ll_adc.o
LOAD Drivers/STM32F4xx_HAL_Driver/Src/stm32f4xx_ll_usb.o
LOAD Middlewares/ST/STM32_USB_Device_Library/Class/CDC/Src/usbd_cdc.o
LOAD Middlewares/ST/STM32_USB_Device_Library/Core/Src/usbd_core.o
LOAD Middlewares/ST/STM32_USB_Device_Library/Core/Src/usbd_ctlreq.o
LOAD Middlewares/ST/STM32_USB_Device_Library/Core/Src/usbd_ioreq.o
LOAD Middlewares/Third_Party/FreeRTOS/Source/CMSIS_RTOS/cmsis_os.o
LOAD Middlewares/Third_Party/FreeRTOS/Source/croutine.o
LOAD Middlewares/Third_Party/FreeRTOS/Source/event_groups.o
LOAD Middlewares/Third_Party/FreeRTOS/Source/list.o
LOAD Middlewares/Third_Party/FreeRTOS/Source/queue.o
LOAD Middlewares/Third_Party/FreeRTOS/Source/stream_buffer.o
LOAD Middlewares/Third_Party/FreeRTOS/Source/tasks.o
LOAD Middlewares/Third_Party/FreeRTOS/Source/timers.o
LOAD Middlewares/Third_Party/FreeRTOS/Source/portable/GCC/ARM_CM4F/port.o
LOAD Middlewares/Third_Party/FreeRTOS/Source/portable/MemMang/heap_4.o
LOAD USB_DEVICE/App/usb_device.o
LOAD USB_DEVICE/App/usbd_cdc_if.o
LOAD USB_DEVICE/App/usbd_desc.o
LOAD USB_DEVICE/Target/usbd_conf.o
START GROUP
LOAD c:/st/stm32cubeide_1.6.1/stm32cubeide/plugins/com.st.stm32cube.ide.mcu.externaltools.gnu-tools-for-stm32.9-2020-q2-update.win32_1.5.0.202011040924/tools/bin/../lib/gcc/arm-none-eabi/9.3.1/../../../../arm-none-eabi/lib/thumb/v7e-m+fp/hard\libc_nano.a
LOAD c:/st/stm32cubeide_1.6.1/stm32cubeide/plugins/com.st.stm32cube.ide.mcu.externaltools.gnu-tools-for-stm32.9-2020-q2-update.win32_1.5.0.202011040924/tools/bin/../lib/gcc/arm-none-eabi/9.3.1/../../../../arm-none-eabi/lib/thumb/v7e-m+fp/hard\libm.a
END GROUP
START GROUP
LOAD c:/st/stm32cubeide_1.6.1/stm32cubeide/plugins/com.st.stm32cube.ide.mcu.externaltools.gnu-tools-for-stm32.9-2020-q2-update.win32_1.5.0.202011040924/tools/bin/../lib/gcc/arm-none-eabi/9.3.1/thumb/v7e-m+fp/hard\libgcc.a
LOAD c:/st/stm32cubeide_1.6.1/stm32cubeide/plugins/com.st.stm32cube.ide.mcu.externaltools.gnu-tools-for-stm32.9-2020-q2-update.win32_1.5.0.202011040924/tools/bin/../lib/gcc/arm-none-eabi/9.3.1/../../../../arm-none-eabi/lib/thumb/v7e-m+fp/hard\libc_nano.a
END GROUP
START GROUP
LOAD c:/st/stm32cubeide_1.6.1/stm32cubeide/plugins/com.st.stm32cube.ide.mcu.externaltools.gnu-tools-for-stm32.9-2020-q2-update.win32_1.5.0.202011040924/tools/bin/../lib/gcc/arm-none-eabi/9.3.1/thumb/v7e-m+fp/hard\libgcc.a
LOAD c:/st/stm32cubeide_1.6.1/stm32cubeide/plugins/com.st.stm32cube.ide.mcu.externaltools.gnu-tools-for-stm32.9-2020-q2-update.win32_1.5.0.202011040924/tools/bin/../lib/gcc/arm-none-eabi/9.3.1/../../../../arm-none-eabi/lib/thumb/v7e-m+fp/hard\libc_nano.a
LOAD c:/st/stm32cubeide_1.6.1/stm32cubeide/plugins/com.st.stm32cube.ide.mcu.externaltools.gnu-tools-for-stm32.9-2020-q2-update.win32_1.5.0.202011040924/tools/bin/../lib/gcc/arm-none-eabi/9.3.1/../../../../arm-none-eabi/lib/thumb/v7e-m+fp/hard\libnosys.a
END GROUP
START GROUP
LOAD c:/st/stm32cubeide_1.6.1/stm32cubeide/plugins/com.st.stm32cube.ide.mcu.externaltools.gnu-tools-for-stm32.9-2020-q2-update.win32_1.5.0.202011040924/tools/bin/../lib/gcc/arm-none-eabi/9.3.1/thumb/v7e-m+fp/hard\libgcc.a
LOAD c:/st/stm32cubeide_1.6.1/stm32cubeide/plugins/com.st.stm32cube.ide.mcu.externaltools.gnu-tools-for-stm32.9-2020-q2-update.win32_1.5.0.202011040924/tools/bin/../lib/gcc/arm-none-eabi/9.3.1/../../../../arm-none-eabi/lib/thumb/v7e-m+fp/hard\libc_nano.a
LOAD c:/st/stm32cubeide_1.6.1/stm32cubeide/plugins/com.st.stm32cube.ide.mcu.externaltools.gnu-tools-for-stm32.9-2020-q2-update.win32_1.5.0.202011040924/tools/bin/../lib/gcc/arm-none-eabi/9.3.1/../../../../arm-none-eabi/lib/thumb/v7e-m+fp/hard\libnosys.a
END GROUP
LOAD c:/st/stm32cubeide_1.6.1/stm32cubeide/plugins/com.st.stm32cube.ide.mcu.externaltools.gnu-tools-for-stm32.9-2020-q2-update.win32_1.5.0.202011040924/tools/bin/../lib/gcc/arm-none-eabi/9.3.1/thumb/v7e-m+fp/hard/crtend.o
LOAD c:/st/stm32cubeide_1.6.1/stm32cubeide/plugins/com.st.stm32cube.ide.mcu.externaltools.gnu-tools-for-stm32.9-2020-q2-update.win32_1.5.0.202011040924/tools/bin/../lib/gcc/arm-none-eabi/9.3.1/thumb/v7e-m+fp/hard/crtn.o
                0x0000000020020000                _estack = (ORIGIN (RAM) + LENGTH (RAM))
                0x0000000000000200                _Min_Heap_Size = 0x200
                0x0000000000000400                _Min_Stack_Size = 0x400

.isr_vector     0x0000000008000000      0x188
                0x0000000008000000                . = ALIGN (0x4)
 *(.isr_vector)
 .isr_vector    0x0000000008000000      0x188 Core/Startup/startup_stm32f405rgtx.o
                0x0000000008000000                g_pfnVectors
                0x0000000008000188                . = ALIGN (0x4)

.text           0x0000000008000190     0x9cc4
                0x0000000008000190                . = ALIGN (0x4)
 *(.text)
 .text          0x0000000008000190       0x40 c:/st/stm32cubeide_1.6.1/stm32cubeide/plugins/com.st.stm32cube.ide.mcu.externaltools.gnu-tools-for-stm32.9-2020-q2-update.win32_1.5.0.202011040924/tools/bin/../lib/gcc/arm-none-eabi/9.3.1/thumb/v7e-m+fp/hard/crtbegin.o
 .text          0x00000000080001d0       0x30 c:/st/stm32cubeide_1.6.1/stm32cubeide/plugins/com.st.stm32cube.ide.mcu.externaltools.gnu-tools-for-stm32.9-2020-q2-update.win32_1.5.0.202011040924/tools/bin/../lib/gcc/arm-none-eabi/9.3.1/thumb/v7e-m+fp/hard\libgcc.a(_aeabi_uldivmod.o)
                0x00000000080001d0                __aeabi_uldivmod
 .text          0x0000000008000200      0x2c4 c:/st/stm32cubeide_1.6.1/stm32cubeide/plugins/com.st.stm32cube.ide.mcu.externaltools.gnu-tools-for-stm32.9-2020-q2-update.win32_1.5.0.202011040924/tools/bin/../lib/gcc/arm-none-eabi/9.3.1/thumb/v7e-m+fp/hard\libgcc.a(_udivmoddi4.o)
                0x0000000008000200                __udivmoddi4
 .text          0x00000000080004c4        0x4 c:/st/stm32cubeide_1.6.1/stm32cubeide/plugins/com.st.stm32cube.ide.mcu.externaltools.gnu-tools-for-stm32.9-2020-q2-update.win32_1.5.0.202011040924/tools/bin/../lib/gcc/arm-none-eabi/9.3.1/thumb/v7e-m+fp/hard\libgcc.a(_dvmd_tls.o)
                0x00000000080004c4                __aeabi_idiv0
                0x00000000080004c4                __aeabi_ldiv0
 *(.text*)
 .text.vApplicationGetIdleTaskMemory
                0x00000000080004c8       0x34 Core/Src/freertos.o
                0x00000000080004c8                vApplicationGetIdleTaskMemory
 .text.main     0x00000000080004fc       0x68 Core/Src/main.o
                0x00000000080004fc                main
 .text.SystemClock_Config
                0x0000000008000564      0x104 Core/Src/main.o
                0x0000000008000564                SystemClock_Config
 .text.MX_ADC3_Init
                0x0000000008000668       0xa4 Core/Src/main.o
 .text.MX_CAN1_Init
                0x000000000800070c       0x68 Core/Src/main.o
 .text.MX_DAC_Init
                0x0000000008000774       0x54 Core/Src/main.o
 .text.MX_I2C1_SMBUS_Init
                0x00000000080007c8       0x58 Core/Src/main.o
 .text.MX_RTC_Init
                0x0000000008000820       0xb4 Core/Src/main.o
 .text.MX_SPI1_Init
                0x00000000080008d4       0x6c Core/Src/main.o
 .text.MX_UART5_Init
                0x0000000008000940       0x54 Core/Src/main.o
 .text.MX_USART2_UART_Init
                0x0000000008000994       0x54 Core/Src/main.o
 .text.MX_USART3_UART_Init
                0x00000000080009e8       0x54 Core/Src/main.o
 .text.MX_GPIO_Init
                0x0000000008000a3c      0x158 Core/Src/main.o
 .text.StatusBlinkerTask_Init
                0x0000000008000b94       0x34 Core/Src/main.o
                0x0000000008000b94                StatusBlinkerTask_Init
 .text.HAL_TIM_PeriodElapsedCallback
                0x0000000008000bc8       0x24 Core/Src/main.o
                0x0000000008000bc8                HAL_TIM_PeriodElapsedCallback
 .text.Error_Handler
                0x0000000008000bec        0xa Core/Src/main.o
                0x0000000008000bec                Error_Handler
 *fill*         0x0000000008000bf6        0x2 
 .text.HAL_MspInit
                0x0000000008000bf8       0x58 Core/Src/stm32f4xx_hal_msp.o
                0x0000000008000bf8                HAL_MspInit
 .text.HAL_ADC_MspInit
                0x0000000008000c50       0x88 Core/Src/stm32f4xx_hal_msp.o
                0x0000000008000c50                HAL_ADC_MspInit
 .text.HAL_CAN_MspInit
                0x0000000008000cd8       0x90 Core/Src/stm32f4xx_hal_msp.o
                0x0000000008000cd8                HAL_CAN_MspInit
 .text.HAL_DAC_MspInit
                0x0000000008000d68       0x98 Core/Src/stm32f4xx_hal_msp.o
                0x0000000008000d68                HAL_DAC_MspInit
 .text.HAL_SMBUS_MspInit
                0x0000000008000e00       0x90 Core/Src/stm32f4xx_hal_msp.o
                0x0000000008000e00                HAL_SMBUS_MspInit
 .text.HAL_RTC_MspInit
                0x0000000008000e90       0x2c Core/Src/stm32f4xx_hal_msp.o
                0x0000000008000e90                HAL_RTC_MspInit
 .text.HAL_SPI_MspInit
                0x0000000008000ebc       0x90 Core/Src/stm32f4xx_hal_msp.o
                0x0000000008000ebc                HAL_SPI_MspInit
 .text.HAL_UART_MspInit
                0x0000000008000f4c      0x1e8 Core/Src/stm32f4xx_hal_msp.o
                0x0000000008000f4c                HAL_UART_MspInit
 .text.HAL_InitTick
                0x0000000008001134       0xb4 Core/Src/stm32f4xx_hal_timebase_tim.o
                0x0000000008001134                HAL_InitTick
 .text.NMI_Handler
                0x00000000080011e8        0x6 Core/Src/stm32f4xx_it.o
                0x00000000080011e8                NMI_Handler
 .text.HardFault_Handler
                0x00000000080011ee        0x6 Core/Src/stm32f4xx_it.o
                0x00000000080011ee                HardFault_Handler
 .text.MemManage_Handler
                0x00000000080011f4        0x6 Core/Src/stm32f4xx_it.o
                0x00000000080011f4                MemManage_Handler
 .text.BusFault_Handler
                0x00000000080011fa        0x6 Core/Src/stm32f4xx_it.o
                0x00000000080011fa                BusFault_Handler
 .text.UsageFault_Handler
                0x0000000008001200        0x6 Core/Src/stm32f4xx_it.o
                0x0000000008001200                UsageFault_Handler
 .text.DebugMon_Handler
                0x0000000008001206        0xe Core/Src/stm32f4xx_it.o
                0x0000000008001206                DebugMon_Handler
 .text.TIM6_DAC_IRQHandler
                0x0000000008001214       0x28 Core/Src/stm32f4xx_it.o
                0x0000000008001214                TIM6_DAC_IRQHandler
 .text.OTG_FS_IRQHandler
                0x000000000800123c       0x14 Core/Src/stm32f4xx_it.o
                0x000000000800123c                OTG_FS_IRQHandler
 .text.SystemInit
                0x0000000008001250       0x24 Core/Src/system_stm32f4xx.o
                0x0000000008001250                SystemInit
 .text.Reset_Handler
                0x0000000008001274       0x50 Core/Startup/startup_stm32f405rgtx.o
                0x0000000008001274                Reset_Handler
 .text.Default_Handler
                0x00000000080012c4        0x2 Core/Startup/startup_stm32f405rgtx.o
                0x00000000080012c4                RTC_Alarm_IRQHandler
                0x00000000080012c4                HASH_RNG_IRQHandler
                0x00000000080012c4                EXTI2_IRQHandler
                0x00000000080012c4                TIM8_CC_IRQHandler
                0x00000000080012c4                TIM1_CC_IRQHandler
                0x00000000080012c4                DMA2_Stream5_IRQHandler
                0x00000000080012c4                DMA1_Stream5_IRQHandler
                0x00000000080012c4                PVD_IRQHandler
                0x00000000080012c4                SDIO_IRQHandler
                0x00000000080012c4                TAMP_STAMP_IRQHandler
                0x00000000080012c4                CAN2_RX1_IRQHandler
                0x00000000080012c4                EXTI3_IRQHandler
                0x00000000080012c4                TIM8_TRG_COM_TIM14_IRQHandler
                0x00000000080012c4                TIM1_UP_TIM10_IRQHandler
                0x00000000080012c4                TIM8_UP_TIM13_IRQHandler
                0x00000000080012c4                I2C3_ER_IRQHandler
                0x00000000080012c4                EXTI0_IRQHandler
                0x00000000080012c4                I2C2_EV_IRQHandler
                0x00000000080012c4                DMA1_Stream2_IRQHandler
                0x00000000080012c4                CAN1_RX0_IRQHandler
                0x00000000080012c4                FPU_IRQHandler
                0x00000000080012c4                OTG_HS_WKUP_IRQHandler
                0x00000000080012c4                CAN2_SCE_IRQHandler
                0x00000000080012c4                DMA2_Stream2_IRQHandler
                0x00000000080012c4                SPI1_IRQHandler
                0x00000000080012c4                TIM1_BRK_TIM9_IRQHandler
                0x00000000080012c4                CAN2_RX0_IRQHandler
                0x00000000080012c4                DMA2_Stream3_IRQHandler
                0x00000000080012c4                USART6_IRQHandler
                0x00000000080012c4                USART3_IRQHandler
                0x00000000080012c4                CAN1_RX1_IRQHandler
                0x00000000080012c4                UART5_IRQHandler
                0x00000000080012c4                DMA2_Stream0_IRQHandler
                0x00000000080012c4                TIM4_IRQHandler
                0x00000000080012c4                I2C1_EV_IRQHandler
                0x00000000080012c4                DMA1_Stream6_IRQHandler
                0x00000000080012c4                DMA1_Stream1_IRQHandler
                0x00000000080012c4                UART4_IRQHandler
                0x00000000080012c4                TIM3_IRQHandler
                0x00000000080012c4                RCC_IRQHandler
                0x00000000080012c4                TIM8_BRK_TIM12_IRQHandler
                0x00000000080012c4                Default_Handler
                0x00000000080012c4                EXTI15_10_IRQHandler
                0x00000000080012c4                ADC_IRQHandler
                0x00000000080012c4                DMA1_Stream7_IRQHandler
                0x00000000080012c4                TIM7_IRQHandler
                0x00000000080012c4                CAN2_TX_IRQHandler
                0x00000000080012c4                TIM5_IRQHandler
                0x00000000080012c4                DMA2_Stream7_IRQHandler
                0x00000000080012c4                I2C3_EV_IRQHandler
                0x00000000080012c4                EXTI9_5_IRQHandler
                0x00000000080012c4                RTC_WKUP_IRQHandler
                0x00000000080012c4                SPI2_IRQHandler
                0x00000000080012c4                OTG_HS_EP1_IN_IRQHandler
                0x00000000080012c4                DMA1_Stream0_IRQHandler
                0x00000000080012c4                CAN1_TX_IRQHandler
                0x00000000080012c4                EXTI4_IRQHandler
                0x00000000080012c4                FSMC_IRQHandler
                0x00000000080012c4                OTG_HS_EP1_OUT_IRQHandler
                0x00000000080012c4                WWDG_IRQHandler
                0x00000000080012c4                TIM2_IRQHandler
                0x00000000080012c4                OTG_FS_WKUP_IRQHandler
                0x00000000080012c4                TIM1_TRG_COM_TIM11_IRQHandler
                0x00000000080012c4                OTG_HS_IRQHandler
                0x00000000080012c4                EXTI1_IRQHandler
                0x00000000080012c4                USART2_IRQHandler
                0x00000000080012c4                I2C2_ER_IRQHandler
                0x00000000080012c4                DMA2_Stream1_IRQHandler
                0x00000000080012c4                CAN1_SCE_IRQHandler
                0x00000000080012c4                FLASH_IRQHandler
                0x00000000080012c4                DMA2_Stream4_IRQHandler
                0x00000000080012c4                USART1_IRQHandler
                0x00000000080012c4                SPI3_IRQHandler
                0x00000000080012c4                DMA1_Stream4_IRQHandler
                0x00000000080012c4                I2C1_ER_IRQHandler
                0x00000000080012c4                DMA2_Stream6_IRQHandler
                0x00000000080012c4                DMA1_Stream3_IRQHandler
 *fill*         0x00000000080012c6        0x2 
 .text.HAL_Init
                0x00000000080012c8       0x44 Drivers/STM32F4xx_HAL_Driver/Src/stm32f4xx_hal.o
                0x00000000080012c8                HAL_Init
 .text.HAL_IncTick
                0x000000000800130c       0x28 Drivers/STM32F4xx_HAL_Driver/Src/stm32f4xx_hal.o
                0x000000000800130c                HAL_IncTick
 .text.HAL_GetTick
                0x0000000008001334       0x18 Drivers/STM32F4xx_HAL_Driver/Src/stm32f4xx_hal.o
                0x0000000008001334                HAL_GetTick
 .text.HAL_Delay
                0x000000000800134c       0x48 Drivers/STM32F4xx_HAL_Driver/Src/stm32f4xx_hal.o
                0x000000000800134c                HAL_Delay
 .text.HAL_ADC_Init
                0x0000000008001394       0x86 Drivers/STM32F4xx_HAL_Driver/Src/stm32f4xx_hal_adc.o
                0x0000000008001394                HAL_ADC_Init
 *fill*         0x000000000800141a        0x2 
 .text.HAL_ADC_ConfigChannel
                0x000000000800141c      0x244 Drivers/STM32F4xx_HAL_Driver/Src/stm32f4xx_hal_adc.o
                0x000000000800141c                HAL_ADC_ConfigChannel
 .text.ADC_Init
                0x0000000008001660      0x1f8 Drivers/STM32F4xx_HAL_Driver/Src/stm32f4xx_hal_adc.o
 .text.HAL_CAN_Init
                0x0000000008001858      0x1f6 Drivers/STM32F4xx_HAL_Driver/Src/stm32f4xx_hal_can.o
                0x0000000008001858                HAL_CAN_Init
 *fill*         0x0000000008001a4e        0x2 
 .text.__NVIC_SetPriorityGrouping
                0x0000000008001a50       0x48 Drivers/STM32F4xx_HAL_Driver/Src/stm32f4xx_hal_cortex.o
 .text.__NVIC_GetPriorityGrouping
                0x0000000008001a98       0x1c Drivers/STM32F4xx_HAL_Driver/Src/stm32f4xx_hal_cortex.o
 .text.__NVIC_EnableIRQ
                0x0000000008001ab4       0x3c Drivers/STM32F4xx_HAL_Driver/Src/stm32f4xx_hal_cortex.o
 .text.__NVIC_SetPriority
                0x0000000008001af0       0x54 Drivers/STM32F4xx_HAL_Driver/Src/stm32f4xx_hal_cortex.o
 .text.NVIC_EncodePriority
                0x0000000008001b44       0x66 Drivers/STM32F4xx_HAL_Driver/Src/stm32f4xx_hal_cortex.o
 .text.HAL_NVIC_SetPriorityGrouping
                0x0000000008001baa       0x16 Drivers/STM32F4xx_HAL_Driver/Src/stm32f4xx_hal_cortex.o
                0x0000000008001baa                HAL_NVIC_SetPriorityGrouping
 .text.HAL_NVIC_SetPriority
                0x0000000008001bc0       0x38 Drivers/STM32F4xx_HAL_Driver/Src/stm32f4xx_hal_cortex.o
                0x0000000008001bc0                HAL_NVIC_SetPriority
 .text.HAL_NVIC_EnableIRQ
                0x0000000008001bf8       0x1c Drivers/STM32F4xx_HAL_Driver/Src/stm32f4xx_hal_cortex.o
                0x0000000008001bf8                HAL_NVIC_EnableIRQ
 .text.HAL_DAC_Init
                0x0000000008001c14       0x44 Drivers/STM32F4xx_HAL_Driver/Src/stm32f4xx_hal_dac.o
                0x0000000008001c14                HAL_DAC_Init
 .text.HAL_DAC_IRQHandler
                0x0000000008001c58       0xb4 Drivers/STM32F4xx_HAL_Driver/Src/stm32f4xx_hal_dac.o
                0x0000000008001c58                HAL_DAC_IRQHandler
 .text.HAL_DAC_DMAUnderrunCallbackCh1
                0x0000000008001d0c       0x14 Drivers/STM32F4xx_HAL_Driver/Src/stm32f4xx_hal_dac.o
                0x0000000008001d0c                HAL_DAC_DMAUnderrunCallbackCh1
 .text.HAL_DAC_ConfigChannel
                0x0000000008001d20       0x9e Drivers/STM32F4xx_HAL_Driver/Src/stm32f4xx_hal_dac.o
                0x0000000008001d20                HAL_DAC_ConfigChannel
 .text.HAL_DACEx_DMAUnderrunCallbackCh2
                0x0000000008001dbe       0x14 Drivers/STM32F4xx_HAL_Driver/Src/stm32f4xx_hal_dac_ex.o
                0x0000000008001dbe                HAL_DACEx_DMAUnderrunCallbackCh2
 *fill*         0x0000000008001dd2        0x2 
 .text.HAL_GPIO_Init
                0x0000000008001dd4      0x338 Drivers/STM32F4xx_HAL_Driver/Src/stm32f4xx_hal_gpio.o
                0x0000000008001dd4                HAL_GPIO_Init
 .text.HAL_GPIO_WritePin
                0x000000000800210c       0x32 Drivers/STM32F4xx_HAL_Driver/Src/stm32f4xx_hal_gpio.o
                0x000000000800210c                HAL_GPIO_WritePin
 .text.HAL_GPIO_TogglePin
                0x000000000800213e       0x34 Drivers/STM32F4xx_HAL_Driver/Src/stm32f4xx_hal_gpio.o
                0x000000000800213e                HAL_GPIO_TogglePin
 .text.HAL_PCD_Init
                0x0000000008002172      0x23a Drivers/STM32F4xx_HAL_Driver/Src/stm32f4xx_hal_pcd.o
                0x0000000008002172                HAL_PCD_Init
 .text.HAL_PCD_Start
                0x00000000080023ac       0x66 Drivers/STM32F4xx_HAL_Driver/Src/stm32f4xx_hal_pcd.o
                0x00000000080023ac                HAL_PCD_Start
 .text.HAL_PCD_IRQHandler
                0x0000000008002412      0x764 Drivers/STM32F4xx_HAL_Driver/Src/stm32f4xx_hal_pcd.o
                0x0000000008002412                HAL_PCD_IRQHandler
 .text.HAL_PCD_SetAddress
                0x0000000008002b76       0x4a Drivers/STM32F4xx_HAL_Driver/Src/stm32f4xx_hal_pcd.o
                0x0000000008002b76                HAL_PCD_SetAddress
 .text.HAL_PCD_EP_Open
                0x0000000008002bc0       0xd0 Drivers/STM32F4xx_HAL_Driver/Src/stm32f4xx_hal_pcd.o
                0x0000000008002bc0                HAL_PCD_EP_Open
 .text.HAL_PCD_EP_Close
                0x0000000008002c90       0x94 Drivers/STM32F4xx_HAL_Driver/Src/stm32f4xx_hal_pcd.o
                0x0000000008002c90                HAL_PCD_EP_Close
 .text.HAL_PCD_EP_Receive
                0x0000000008002d24       0x96 Drivers/STM32F4xx_HAL_Driver/Src/stm32f4xx_hal_pcd.o
                0x0000000008002d24                HAL_PCD_EP_Receive
 .text.HAL_PCD_EP_GetRxCount
                0x0000000008002dba       0x30 Drivers/STM32F4xx_HAL_Driver/Src/stm32f4xx_hal_pcd.o
                0x0000000008002dba                HAL_PCD_EP_GetRxCount
 .text.HAL_PCD_EP_Transmit
                0x0000000008002dea       0x94 Drivers/STM32F4xx_HAL_Driver/Src/stm32f4xx_hal_pcd.o
                0x0000000008002dea                HAL_PCD_EP_Transmit
 .text.HAL_PCD_EP_SetStall
                0x0000000008002e7e       0xc8 Drivers/STM32F4xx_HAL_Driver/Src/stm32f4xx_hal_pcd.o
                0x0000000008002e7e                HAL_PCD_EP_SetStall
 .text.HAL_PCD_EP_ClrStall
                0x0000000008002f46       0xac Drivers/STM32F4xx_HAL_Driver/Src/stm32f4xx_hal_pcd.o
                0x0000000008002f46                HAL_PCD_EP_ClrStall
 .text.PCD_WriteEmptyTxFifo
                0x0000000008002ff2      0x11a Drivers/STM32F4xx_HAL_Driver/Src/stm32f4xx_hal_pcd.o
 .text.PCD_EP_OutXfrComplete_int
                0x000000000800310c      0x218 Drivers/STM32F4xx_HAL_Driver/Src/stm32f4xx_hal_pcd.o
 .text.PCD_EP_OutSetupPacket_int
                0x0000000008003324       0x8c Drivers/STM32F4xx_HAL_Driver/Src/stm32f4xx_hal_pcd.o
 .text.HAL_PCDEx_SetTxFiFo
                0x00000000080033b0       0x8e Drivers/STM32F4xx_HAL_Driver/Src/stm32f4xx_hal_pcd_ex.o
                0x00000000080033b0                HAL_PCDEx_SetTxFiFo
 .text.HAL_PCDEx_SetRxFiFo
                0x000000000800343e       0x22 Drivers/STM32F4xx_HAL_Driver/Src/stm32f4xx_hal_pcd_ex.o
                0x000000000800343e                HAL_PCDEx_SetRxFiFo
 .text.HAL_PCDEx_LPM_Callback
                0x0000000008003460       0x18 Drivers/STM32F4xx_HAL_Driver/Src/stm32f4xx_hal_pcd_ex.o
                0x0000000008003460                HAL_PCDEx_LPM_Callback
 .text.HAL_RCC_OscConfig
                0x0000000008003478      0x4f0 Drivers/STM32F4xx_HAL_Driver/Src/stm32f4xx_hal_rcc.o
                0x0000000008003478                HAL_RCC_OscConfig
 .text.HAL_RCC_ClockConfig
                0x0000000008003968      0x1cc Drivers/STM32F4xx_HAL_Driver/Src/stm32f4xx_hal_rcc.o
                0x0000000008003968                HAL_RCC_ClockConfig
 .text.HAL_RCC_GetSysClockFreq
                0x0000000008003b34      0x1c0 Drivers/STM32F4xx_HAL_Driver/Src/stm32f4xx_hal_rcc.o
                0x0000000008003b34                HAL_RCC_GetSysClockFreq
 .text.HAL_RCC_GetHCLKFreq
                0x0000000008003cf4       0x18 Drivers/STM32F4xx_HAL_Driver/Src/stm32f4xx_hal_rcc.o
                0x0000000008003cf4                HAL_RCC_GetHCLKFreq
 .text.HAL_RCC_GetPCLK1Freq
                0x0000000008003d0c       0x28 Drivers/STM32F4xx_HAL_Driver/Src/stm32f4xx_hal_rcc.o
                0x0000000008003d0c                HAL_RCC_GetPCLK1Freq
 .text.HAL_RCC_GetPCLK2Freq
                0x0000000008003d34       0x28 Drivers/STM32F4xx_HAL_Driver/Src/stm32f4xx_hal_rcc.o
                0x0000000008003d34                HAL_RCC_GetPCLK2Freq
 .text.HAL_RCC_GetClockConfig
                0x0000000008003d5c       0x64 Drivers/STM32F4xx_HAL_Driver/Src/stm32f4xx_hal_rcc.o
                0x0000000008003d5c                HAL_RCC_GetClockConfig
 .text.HAL_RCCEx_PeriphCLKConfig
                0x0000000008003dc0      0x1c4 Drivers/STM32F4xx_HAL_Driver/Src/stm32f4xx_hal_rcc_ex.o
                0x0000000008003dc0                HAL_RCCEx_PeriphCLKConfig
 .text.HAL_RTC_Init
                0x0000000008003f84      0x122 Drivers/STM32F4xx_HAL_Driver/Src/stm32f4xx_hal_rtc.o
                0x0000000008003f84                HAL_RTC_Init
 .text.HAL_RTC_SetTime
                0x00000000080040a6      0x17a Drivers/STM32F4xx_HAL_Driver/Src/stm32f4xx_hal_rtc.o
                0x00000000080040a6                HAL_RTC_SetTime
 .text.HAL_RTC_SetDate
                0x0000000008004220      0x14e Drivers/STM32F4xx_HAL_Driver/Src/stm32f4xx_hal_rtc.o
                0x0000000008004220                HAL_RTC_SetDate
 .text.HAL_RTC_WaitForSynchro
                0x000000000800436e       0x50 Drivers/STM32F4xx_HAL_Driver/Src/stm32f4xx_hal_rtc.o
                0x000000000800436e                HAL_RTC_WaitForSynchro
 .text.RTC_EnterInitMode
                0x00000000080043be       0x58 Drivers/STM32F4xx_HAL_Driver/Src/stm32f4xx_hal_rtc.o
                0x00000000080043be                RTC_EnterInitMode
 .text.RTC_ByteToBcd2
                0x0000000008004416       0x3c Drivers/STM32F4xx_HAL_Driver/Src/stm32f4xx_hal_rtc.o
                0x0000000008004416                RTC_ByteToBcd2
 *fill*         0x0000000008004452        0x2 
 .text.HAL_SMBUS_Init
                0x0000000008004454      0x170 Drivers/STM32F4xx_HAL_Driver/Src/stm32f4xx_hal_smbus.o
                0x0000000008004454                HAL_SMBUS_Init
 .text.HAL_SPI_Init
                0x00000000080045c4      0x112 Drivers/STM32F4xx_HAL_Driver/Src/stm32f4xx_hal_spi.o
                0x00000000080045c4                HAL_SPI_Init
 .text.HAL_TIM_Base_Init
                0x00000000080046d6       0x9e Drivers/STM32F4xx_HAL_Driver/Src/stm32f4xx_hal_tim.o
                0x00000000080046d6                HAL_TIM_Base_Init
 .text.HAL_TIM_Base_MspInit
                0x0000000008004774       0x14 Drivers/STM32F4xx_HAL_Driver/Src/stm32f4xx_hal_tim.o
                0x0000000008004774                HAL_TIM_Base_MspInit
 .text.HAL_TIM_Base_Start_IT
                0x0000000008004788       0xe0 Drivers/STM32F4xx_HAL_Driver/Src/stm32f4xx_hal_tim.o
                0x0000000008004788                HAL_TIM_Base_Start_IT
 .text.HAL_TIM_IRQHandler
                0x0000000008004868      0x210 Drivers/STM32F4xx_HAL_Driver/Src/stm32f4xx_hal_tim.o
                0x0000000008004868                HAL_TIM_IRQHandler
 .text.HAL_TIM_OC_DelayElapsedCallback
                0x0000000008004a78       0x14 Drivers/STM32F4xx_HAL_Driver/Src/stm32f4xx_hal_tim.o
                0x0000000008004a78                HAL_TIM_OC_DelayElapsedCallback
 .text.HAL_TIM_IC_CaptureCallback
                0x0000000008004a8c       0x14 Drivers/STM32F4xx_HAL_Driver/Src/stm32f4xx_hal_tim.o
                0x0000000008004a8c                HAL_TIM_IC_CaptureCallback
 .text.HAL_TIM_PWM_PulseFinishedCallback
                0x0000000008004aa0       0x14 Drivers/STM32F4xx_HAL_Driver/Src/stm32f4xx_hal_tim.o
                0x0000000008004aa0                HAL_TIM_PWM_PulseFinishedCallback
 .text.HAL_TIM_TriggerCallback
                0x0000000008004ab4       0x14 Drivers/STM32F4xx_HAL_Driver/Src/stm32f4xx_hal_tim.o
                0x0000000008004ab4                HAL_TIM_TriggerCallback
 .text.TIM_Base_SetConfig
                0x0000000008004ac8      0x140 Drivers/STM32F4xx_HAL_Driver/Src/stm32f4xx_hal_tim.o
                0x0000000008004ac8                TIM_Base_SetConfig
 .text.HAL_TIMEx_CommutCallback
                0x0000000008004c08       0x14 Drivers/STM32F4xx_HAL_Driver/Src/stm32f4xx_hal_tim_ex.o
                0x0000000008004c08                HAL_TIMEx_CommutCallback
 .text.HAL_TIMEx_BreakCallback
                0x0000000008004c1c       0x14 Drivers/STM32F4xx_HAL_Driver/Src/stm32f4xx_hal_tim_ex.o
                0x0000000008004c1c                HAL_TIMEx_BreakCallback
 .text.HAL_UART_Init
                0x0000000008004c30       0x9a Drivers/STM32F4xx_HAL_Driver/Src/stm32f4xx_hal_uart.o
                0x0000000008004c30                HAL_UART_Init
 *fill*         0x0000000008004cca        0x2 
 .text.UART_SetConfig
                0x0000000008004ccc      0x390 Drivers/STM32F4xx_HAL_Driver/Src/stm32f4xx_hal_uart.o
 .text.USB_CoreInit
                0x000000000800505c       0xc2 Drivers/STM32F4xx_HAL_Driver/Src/stm32f4xx_ll_usb.o
                0x000000000800505c                USB_CoreInit
 *fill*         0x000000000800511e        0x2 
 .text.USB_SetTurnaroundTime
                0x0000000008005120      0x144 Drivers/STM32F4xx_HAL_Driver/Src/stm32f4xx_ll_usb.o
                0x0000000008005120                USB_SetTurnaroundTime
 .text.USB_EnableGlobalInt
                0x0000000008005264       0x22 Drivers/STM32F4xx_HAL_Driver/Src/stm32f4xx_ll_usb.o
                0x0000000008005264                USB_EnableGlobalInt
 .text.USB_DisableGlobalInt
                0x0000000008005286       0x22 Drivers/STM32F4xx_HAL_Driver/Src/stm32f4xx_ll_usb.o
                0x0000000008005286                USB_DisableGlobalInt
 .text.USB_SetCurrentMode
                0x00000000080052a8       0x54 Drivers/STM32F4xx_HAL_Driver/Src/stm32f4xx_ll_usb.o
                0x00000000080052a8                USB_SetCurrentMode
 .text.USB_DevInit
                0x00000000080052fc      0x2c8 Drivers/STM32F4xx_HAL_Driver/Src/stm32f4xx_ll_usb.o
                0x00000000080052fc                USB_DevInit
 .text.USB_FlushTxFifo
                0x00000000080055c4       0x4c Drivers/STM32F4xx_HAL_Driver/Src/stm32f4xx_ll_usb.o
                0x00000000080055c4                USB_FlushTxFifo
 .text.USB_FlushRxFifo
                0x0000000008005610       0x44 Drivers/STM32F4xx_HAL_Driver/Src/stm32f4xx_ll_usb.o
                0x0000000008005610                USB_FlushRxFifo
 .text.USB_SetDevSpeed
                0x0000000008005654       0x32 Drivers/STM32F4xx_HAL_Driver/Src/stm32f4xx_ll_usb.o
                0x0000000008005654                USB_SetDevSpeed
 .text.USB_GetDevSpeed
                0x0000000008005686       0x4a Drivers/STM32F4xx_HAL_Driver/Src/stm32f4xx_ll_usb.o
                0x0000000008005686                USB_GetDevSpeed
 .text.USB_ActivateEndpoint
                0x00000000080056d0      0x10e Drivers/STM32F4xx_HAL_Driver/Src/stm32f4xx_ll_usb.o
                0x00000000080056d0                USB_ActivateEndpoint
 *fill*         0x00000000080057de        0x2 
 .text.USB_DeactivateEndpoint
                0x00000000080057e0      0x1b8 Drivers/STM32F4xx_HAL_Driver/Src/stm32f4xx_ll_usb.o
                0x00000000080057e0                USB_DeactivateEndpoint
 .text.USB_EPStartXfer
                0x0000000008005998      0x488 Drivers/STM32F4xx_HAL_Driver/Src/stm32f4xx_ll_usb.o
                0x0000000008005998                USB_EPStartXfer
 .text.USB_EP0StartXfer
                0x0000000008005e20      0x2a6 Drivers/STM32F4xx_HAL_Driver/Src/stm32f4xx_ll_usb.o
                0x0000000008005e20                USB_EP0StartXfer
 .text.USB_WritePacket
                0x00000000080060c6       0x6a Drivers/STM32F4xx_HAL_Driver/Src/stm32f4xx_ll_usb.o
                0x00000000080060c6                USB_WritePacket
 .text.USB_ReadPacket
                0x0000000008006130       0x52 Drivers/STM32F4xx_HAL_Driver/Src/stm32f4xx_ll_usb.o
                0x0000000008006130                USB_ReadPacket
 .text.USB_EPSetStall
                0x0000000008006182       0xdc Drivers/STM32F4xx_HAL_Driver/Src/stm32f4xx_ll_usb.o
                0x0000000008006182                USB_EPSetStall
 .text.USB_EPClearStall
                0x000000000800625e       0xcc Drivers/STM32F4xx_HAL_Driver/Src/stm32f4xx_ll_usb.o
                0x000000000800625e                USB_EPClearStall
 .text.USB_SetDevAddress
                0x000000000800632a       0x4c Drivers/STM32F4xx_HAL_Driver/Src/stm32f4xx_ll_usb.o
                0x000000000800632a                USB_SetDevAddress
 .text.USB_DevConnect
                0x0000000008006376       0x42 Drivers/STM32F4xx_HAL_Driver/Src/stm32f4xx_ll_usb.o
                0x0000000008006376                USB_DevConnect
 .text.USB_DevDisconnect
                0x00000000080063b8       0x42 Drivers/STM32F4xx_HAL_Driver/Src/stm32f4xx_ll_usb.o
                0x00000000080063b8                USB_DevDisconnect
 .text.USB_ReadInterrupts
                0x00000000080063fa       0x26 Drivers/STM32F4xx_HAL_Driver/Src/stm32f4xx_ll_usb.o
                0x00000000080063fa                USB_ReadInterrupts
 .text.USB_ReadDevAllOutEpInterrupt
                0x0000000008006420       0x34 Drivers/STM32F4xx_HAL_Driver/Src/stm32f4xx_ll_usb.o
                0x0000000008006420                USB_ReadDevAllOutEpInterrupt
 .text.USB_ReadDevAllInEpInterrupt
                0x0000000008006454       0x34 Drivers/STM32F4xx_HAL_Driver/Src/stm32f4xx_ll_usb.o
                0x0000000008006454                USB_ReadDevAllInEpInterrupt
 .text.USB_ReadDevOutEPInterrupt
                0x0000000008006488       0x3c Drivers/STM32F4xx_HAL_Driver/Src/stm32f4xx_ll_usb.o
                0x0000000008006488                USB_ReadDevOutEPInterrupt
 .text.USB_ReadDevInEPInterrupt
                0x00000000080064c4       0x5c Drivers/STM32F4xx_HAL_Driver/Src/stm32f4xx_ll_usb.o
                0x00000000080064c4                USB_ReadDevInEPInterrupt
 .text.USB_GetMode
                0x0000000008006520       0x1c Drivers/STM32F4xx_HAL_Driver/Src/stm32f4xx_ll_usb.o
                0x0000000008006520                USB_GetMode
 .text.USB_ActivateSetup
                0x000000000800653c       0x46 Drivers/STM32F4xx_HAL_Driver/Src/stm32f4xx_ll_usb.o
                0x000000000800653c                USB_ActivateSetup
 *fill*         0x0000000008006582        0x2 
 .text.USB_EP0_OutStart
                0x0000000008006584       0xbc Drivers/STM32F4xx_HAL_Driver/Src/stm32f4xx_ll_usb.o
                0x0000000008006584                USB_EP0_OutStart
 .text.USB_CoreReset
                0x0000000008006640       0x68 Drivers/STM32F4xx_HAL_Driver/Src/stm32f4xx_ll_usb.o
 .text.USBD_CDC_Init
                0x00000000080066a8       0xfe Middlewares/ST/STM32_USB_Device_Library/Class/CDC/Src/usbd_cdc.o
 .text.USBD_CDC_DeInit
                0x00000000080067a6       0x74 Middlewares/ST/STM32_USB_Device_Library/Class/CDC/Src/usbd_cdc.o
 *fill*         0x000000000800681a        0x2 
 .text.USBD_CDC_Setup
                0x000000000800681c      0x190 Middlewares/ST/STM32_USB_Device_Library/Class/CDC/Src/usbd_cdc.o
 .text.USBD_CDC_DataIn
                0x00000000080069ac       0xca Middlewares/ST/STM32_USB_Device_Library/Class/CDC/Src/usbd_cdc.o
 .text.USBD_CDC_DataOut
                0x0000000008006a76       0x56 Middlewares/ST/STM32_USB_Device_Library/Class/CDC/Src/usbd_cdc.o
 .text.USBD_CDC_EP0_RxReady
                0x0000000008006acc       0x5a Middlewares/ST/STM32_USB_Device_Library/Class/CDC/Src/usbd_cdc.o
 *fill*         0x0000000008006b26        0x2 
 .text.USBD_CDC_GetFSCfgDesc
                0x0000000008006b28       0x20 Middlewares/ST/STM32_USB_Device_Library/Class/CDC/Src/usbd_cdc.o
 .text.USBD_CDC_GetHSCfgDesc
                0x0000000008006b48       0x20 Middlewares/ST/STM32_USB_Device_Library/Class/CDC/Src/usbd_cdc.o
 .text.USBD_CDC_GetOtherSpeedCfgDesc
                0x0000000008006b68       0x20 Middlewares/ST/STM32_USB_Device_Library/Class/CDC/Src/usbd_cdc.o
 .text.USBD_CDC_GetDeviceQualifierDescriptor
                0x0000000008006b88       0x20 Middlewares/ST/STM32_USB_Device_Library/Class/CDC/Src/usbd_cdc.o
                0x0000000008006b88                USBD_CDC_GetDeviceQualifierDescriptor
 .text.USBD_CDC_RegisterInterface
                0x0000000008006ba8       0x2a Middlewares/ST/STM32_USB_Device_Library/Class/CDC/Src/usbd_cdc.o
                0x0000000008006ba8                USBD_CDC_RegisterInterface
 .text.USBD_CDC_SetTxBuffer
                0x0000000008006bd2       0x3c Middlewares/ST/STM32_USB_Device_Library/Class/CDC/Src/usbd_cdc.o
                0x0000000008006bd2                USBD_CDC_SetTxBuffer
 .text.USBD_CDC_SetRxBuffer
                0x0000000008006c0e       0x32 Middlewares/ST/STM32_USB_Device_Library/Class/CDC/Src/usbd_cdc.o
                0x0000000008006c0e                USBD_CDC_SetRxBuffer
 .text.USBD_CDC_ReceivePacket
                0x0000000008006c40       0x54 Middlewares/ST/STM32_USB_Device_Library/Class/CDC/Src/usbd_cdc.o
                0x0000000008006c40                USBD_CDC_ReceivePacket
 .text.USBD_Init
                0x0000000008006c94       0x60 Middlewares/ST/STM32_USB_Device_Library/Core/Src/usbd_core.o
                0x0000000008006c94                USBD_Init
 .text.USBD_RegisterClass
                0x0000000008006cf4       0x4e Middlewares/ST/STM32_USB_Device_Library/Core/Src/usbd_core.o
                0x0000000008006cf4                USBD_RegisterClass
 .text.USBD_Start
                0x0000000008006d42       0x18 Middlewares/ST/STM32_USB_Device_Library/Core/Src/usbd_core.o
                0x0000000008006d42                USBD_Start
 .text.USBD_RunTestMode
                0x0000000008006d5a       0x16 Middlewares/ST/STM32_USB_Device_Library/Core/Src/usbd_core.o
                0x0000000008006d5a                USBD_RunTestMode
 .text.USBD_SetClassConfig
                0x0000000008006d70       0x38 Middlewares/ST/STM32_USB_Device_Library/Core/Src/usbd_core.o
                0x0000000008006d70                USBD_SetClassConfig
 .text.USBD_ClrClassConfig
                0x0000000008006da8       0x30 Middlewares/ST/STM32_USB_Device_Library/Core/Src/usbd_core.o
                0x0000000008006da8                USBD_ClrClassConfig
 .text.USBD_LL_SetupStage
                0x0000000008006dd8       0xaa Middlewares/ST/STM32_USB_Device_Library/Core/Src/usbd_core.o
                0x0000000008006dd8                USBD_LL_SetupStage
 .text.USBD_LL_DataOutStage
                0x0000000008006e82       0xc6 Middlewares/ST/STM32_USB_Device_Library/Core/Src/usbd_core.o
                0x0000000008006e82                USBD_LL_DataOutStage
 .text.USBD_LL_DataInStage
                0x0000000008006f48      0x12c Middlewares/ST/STM32_USB_Device_Library/Core/Src/usbd_core.o
                0x0000000008006f48                USBD_LL_DataInStage
 .text.USBD_LL_Reset
                0x0000000008007074       0x9c Middlewares/ST/STM32_USB_Device_Library/Core/Src/usbd_core.o
                0x0000000008007074                USBD_LL_Reset
 .text.USBD_LL_SetSpeed
                0x0000000008007110       0x20 Middlewares/ST/STM32_USB_Device_Library/Core/Src/usbd_core.o
                0x0000000008007110                USBD_LL_SetSpeed
 .text.USBD_LL_Suspend
                0x0000000008007130       0x2c Middlewares/ST/STM32_USB_Device_Library/Core/Src/usbd_core.o
                0x0000000008007130                USBD_LL_Suspend
 .text.USBD_LL_Resume
                0x000000000800715c       0x30 Middlewares/ST/STM32_USB_Device_Library/Core/Src/usbd_core.o
                0x000000000800715c                USBD_LL_Resume
 .text.USBD_LL_SOF
                0x000000000800718c       0x44 Middlewares/ST/STM32_USB_Device_Library/Core/Src/usbd_core.o
                0x000000000800718c                USBD_LL_SOF
 .text.USBD_LL_IsoINIncomplete
                0x00000000080071d0       0x4c Middlewares/ST/STM32_USB_Device_Library/Core/Src/usbd_core.o
                0x00000000080071d0                USBD_LL_IsoINIncomplete
 .text.USBD_LL_IsoOUTIncomplete
                0x000000000800721c       0x4c Middlewares/ST/STM32_USB_Device_Library/Core/Src/usbd_core.o
                0x000000000800721c                USBD_LL_IsoOUTIncomplete
 .text.USBD_LL_DevConnected
                0x0000000008007268       0x16 Middlewares/ST/STM32_USB_Device_Library/Core/Src/usbd_core.o
                0x0000000008007268                USBD_LL_DevConnected
 .text.USBD_LL_DevDisconnected
                0x000000000800727e       0x38 Middlewares/ST/STM32_USB_Device_Library/Core/Src/usbd_core.o
                0x000000000800727e                USBD_LL_DevDisconnected
 .text.SWAPBYTE
                0x00000000080072b6       0x3c Middlewares/ST/STM32_USB_Device_Library/Core/Src/usbd_ctlreq.o
 *fill*         0x00000000080072f2        0x2 
 .text.USBD_StdDevReq
                0x00000000080072f4       0xdc Middlewares/ST/STM32_USB_Device_Library/Core/Src/usbd_ctlreq.o
                0x00000000080072f4                USBD_StdDevReq
 .text.USBD_StdItfReq
                0x00000000080073d0       0x92 Middlewares/ST/STM32_USB_Device_Library/Core/Src/usbd_ctlreq.o
                0x00000000080073d0                USBD_StdItfReq
 .text.USBD_StdEPReq
                0x0000000008007462      0x2c4 Middlewares/ST/STM32_USB_Device_Library/Core/Src/usbd_ctlreq.o
                0x0000000008007462                USBD_StdEPReq
 *fill*         0x0000000008007726        0x2 
 .text.USBD_GetDescriptor
                0x0000000008007728      0x2d4 Middlewares/ST/STM32_USB_Device_Library/Core/Src/usbd_ctlreq.o
 .text.USBD_SetAddress
                0x00000000080079fc       0x88 Middlewares/ST/STM32_USB_Device_Library/Core/Src/usbd_ctlreq.o
 .text.USBD_SetConfig
                0x0000000008007a84      0x14c Middlewares/ST/STM32_USB_Device_Library/Core/Src/usbd_ctlreq.o
 .text.USBD_GetConfig
                0x0000000008007bd0       0x6c Middlewares/ST/STM32_USB_Device_Library/Core/Src/usbd_ctlreq.o
 .text.USBD_GetStatus
                0x0000000008007c3c       0x68 Middlewares/ST/STM32_USB_Device_Library/Core/Src/usbd_ctlreq.o
 .text.USBD_SetFeature
                0x0000000008007ca4       0x28 Middlewares/ST/STM32_USB_Device_Library/Core/Src/usbd_ctlreq.o
 .text.USBD_ClrFeature
                0x0000000008007ccc       0x44 Middlewares/ST/STM32_USB_Device_Library/Core/Src/usbd_ctlreq.o
 .text.USBD_ParseSetupRequest
                0x0000000008007d10       0x74 Middlewares/ST/STM32_USB_Device_Library/Core/Src/usbd_ctlreq.o
                0x0000000008007d10                USBD_ParseSetupRequest
 .text.USBD_CtlError
                0x0000000008007d84       0x22 Middlewares/ST/STM32_USB_Device_Library/Core/Src/usbd_ctlreq.o
                0x0000000008007d84                USBD_CtlError
 .text.USBD_GetString
                0x0000000008007da6       0x8c Middlewares/ST/STM32_USB_Device_Library/Core/Src/usbd_ctlreq.o
                0x0000000008007da6                USBD_GetString
 .text.USBD_GetLen
                0x0000000008007e32       0x34 Middlewares/ST/STM32_USB_Device_Library/Core/Src/usbd_ctlreq.o
 .text.USBD_CtlSendData
                0x0000000008007e66       0x36 Middlewares/ST/STM32_USB_Device_Library/Core/Src/usbd_ioreq.o
                0x0000000008007e66                USBD_CtlSendData
 .text.USBD_CtlContinueSendData
                0x0000000008007e9c       0x22 Middlewares/ST/STM32_USB_Device_Library/Core/Src/usbd_ioreq.o
                0x0000000008007e9c                USBD_CtlContinueSendData
 .text.USBD_CtlPrepareRx
                0x0000000008007ebe       0x3a Middlewares/ST/STM32_USB_Device_Library/Core/Src/usbd_ioreq.o
                0x0000000008007ebe                USBD_CtlPrepareRx
 .text.USBD_CtlContinueRx
                0x0000000008007ef8       0x22 Middlewares/ST/STM32_USB_Device_Library/Core/Src/usbd_ioreq.o
                0x0000000008007ef8                USBD_CtlContinueRx
 .text.USBD_CtlSendStatus
                0x0000000008007f1a       0x26 Middlewares/ST/STM32_USB_Device_Library/Core/Src/usbd_ioreq.o
                0x0000000008007f1a                USBD_CtlSendStatus
 .text.USBD_CtlReceiveStatus
                0x0000000008007f40       0x26 Middlewares/ST/STM32_USB_Device_Library/Core/Src/usbd_ioreq.o
                0x0000000008007f40                USBD_CtlReceiveStatus
 .text.makeFreeRtosPriority
                0x0000000008007f66       0x30 Middlewares/Third_Party/FreeRTOS/Source/CMSIS_RTOS/cmsis_os.o
 .text.osKernelStart
                0x0000000008007f96        0xe Middlewares/Third_Party/FreeRTOS/Source/CMSIS_RTOS/cmsis_os.o
                0x0000000008007f96                osKernelStart
 .text.osThreadCreate
                0x0000000008007fa4       0x98 Middlewares/Third_Party/FreeRTOS/Source/CMSIS_RTOS/cmsis_os.o
                0x0000000008007fa4                osThreadCreate
 .text.osDelay  0x000000000800803c       0x28 Middlewares/Third_Party/FreeRTOS/Source/CMSIS_RTOS/cmsis_os.o
                0x000000000800803c                osDelay
 .text.vListInitialise
                0x0000000008008064       0x40 Middlewares/Third_Party/FreeRTOS/Source/list.o
                0x0000000008008064                vListInitialise
 .text.vListInitialiseItem
                0x00000000080080a4       0x1a Middlewares/Third_Party/FreeRTOS/Source/list.o
                0x00000000080080a4                vListInitialiseItem
 .text.vListInsertEnd
                0x00000000080080be       0x48 Middlewares/Third_Party/FreeRTOS/Source/list.o
                0x00000000080080be                vListInsertEnd
 .text.vListInsert
                0x0000000008008106       0x72 Middlewares/Third_Party/FreeRTOS/Source/list.o
                0x0000000008008106                vListInsert
 .text.uxListRemove
                0x0000000008008178       0x54 Middlewares/Third_Party/FreeRTOS/Source/list.o
                0x0000000008008178                uxListRemove
 .text.xTaskCreateStatic
                0x00000000080081cc       0xba Middlewares/Third_Party/FreeRTOS/Source/tasks.o
                0x00000000080081cc                xTaskCreateStatic
 .text.xTaskCreate
                0x0000000008008286       0x8a Middlewares/Third_Party/FreeRTOS/Source/tasks.o
                0x0000000008008286                xTaskCreate
 .text.prvInitialiseNewTask
                0x0000000008008310      0x10e Middlewares/Third_Party/FreeRTOS/Source/tasks.o
 *fill*         0x000000000800841e        0x2 
 .text.prvAddNewTaskToReadyList
                0x0000000008008420       0xd4 Middlewares/Third_Party/FreeRTOS/Source/tasks.o
 .text.vTaskDelay
                0x00000000080084f4       0x68 Middlewares/Third_Party/FreeRTOS/Source/tasks.o
                0x00000000080084f4                vTaskDelay
 .text.vTaskStartScheduler
                0x000000000800855c       0xc0 Middlewares/Third_Party/FreeRTOS/Source/tasks.o
                0x000000000800855c                vTaskStartScheduler
 .text.vTaskSuspendAll
                0x000000000800861c       0x1c Middlewares/Third_Party/FreeRTOS/Source/tasks.o
                0x000000000800861c                vTaskSuspendAll
 .text.xTaskResumeAll
                0x0000000008008638      0x138 Middlewares/Third_Party/FreeRTOS/Source/tasks.o
                0x0000000008008638                xTaskResumeAll
 .text.xTaskIncrementTick
                0x0000000008008770      0x170 Middlewares/Third_Party/FreeRTOS/Source/tasks.o
                0x0000000008008770                xTaskIncrementTick
 .text.vTaskSwitchContext
                0x00000000080088e0       0xb8 Middlewares/Third_Party/FreeRTOS/Source/tasks.o
                0x00000000080088e0                vTaskSwitchContext
 .text.prvIdleTask
                0x0000000008008998       0x30 Middlewares/Third_Party/FreeRTOS/Source/tasks.o
 .text.prvInitialiseTaskLists
                0x00000000080089c8       0x80 Middlewares/Third_Party/FreeRTOS/Source/tasks.o
 .text.prvCheckTasksWaitingTermination
                0x0000000008008a48       0x5c Middlewares/Third_Party/FreeRTOS/Source/tasks.o
 .text.prvDeleteTCB
                0x0000000008008aa4       0x5e Middlewares/Third_Party/FreeRTOS/Source/tasks.o
 *fill*         0x0000000008008b02        0x2 
 .text.prvResetNextTaskUnblockTime
                0x0000000008008b04       0x40 Middlewares/Third_Party/FreeRTOS/Source/tasks.o
 .text.prvAddCurrentTaskToDelayedList
                0x0000000008008b44       0xcc Middlewares/Third_Party/FreeRTOS/Source/tasks.o
 .text.pxPortInitialiseStack
                0x0000000008008c10       0x68 Middlewares/Third_Party/FreeRTOS/Source/portable/GCC/ARM_CM4F/port.o
                0x0000000008008c10                pxPortInitialiseStack
 .text.prvTaskExitError
                0x0000000008008c78       0x58 Middlewares/Third_Party/FreeRTOS/Source/portable/GCC/ARM_CM4F/port.o
 .text.SVC_Handler
                0x0000000008008cd0       0x28 Middlewares/Third_Party/FreeRTOS/Source/portable/GCC/ARM_CM4F/port.o
                0x0000000008008cd0                SVC_Handler
 .text.prvPortStartFirstTask
                0x0000000008008cf8       0x28 Middlewares/Third_Party/FreeRTOS/Source/portable/GCC/ARM_CM4F/port.o
 .text.xPortStartScheduler
                0x0000000008008d20      0x144 Middlewares/Third_Party/FreeRTOS/Source/portable/GCC/ARM_CM4F/port.o
                0x0000000008008d20                xPortStartScheduler
 .text.vPortEnterCritical
                0x0000000008008e64       0x60 Middlewares/Third_Party/FreeRTOS/Source/portable/GCC/ARM_CM4F/port.o
                0x0000000008008e64                vPortEnterCritical
 .text.vPortExitCritical
                0x0000000008008ec4       0x54 Middlewares/Third_Party/FreeRTOS/Source/portable/GCC/ARM_CM4F/port.o
                0x0000000008008ec4                vPortExitCritical
 *fill*         0x0000000008008f18        0x8 
 .text.PendSV_Handler
                0x0000000008008f20       0x68 Middlewares/Third_Party/FreeRTOS/Source/portable/GCC/ARM_CM4F/port.o
                0x0000000008008f20                PendSV_Handler
 .text.SysTick_Handler
                0x0000000008008f88       0x44 Middlewares/Third_Party/FreeRTOS/Source/portable/GCC/ARM_CM4F/port.o
                0x0000000008008f88                SysTick_Handler
 .text.vPortSetupTimerInterrupt
                0x0000000008008fcc       0x48 Middlewares/Third_Party/FreeRTOS/Source/portable/GCC/ARM_CM4F/port.o
                0x0000000008008fcc                vPortSetupTimerInterrupt
 .text.vPortEnableVFP
                0x0000000008009014       0x14 Middlewares/Third_Party/FreeRTOS/Source/portable/GCC/ARM_CM4F/port.o
 .text.pvPortMalloc
                0x0000000008009028      0x198 Middlewares/Third_Party/FreeRTOS/Source/portable/MemMang/heap_4.o
                0x0000000008009028                pvPortMalloc
 .text.vPortFree
                0x00000000080091c0       0xc4 Middlewares/Third_Party/FreeRTOS/Source/portable/MemMang/heap_4.o
                0x00000000080091c0                vPortFree
 .text.prvHeapInit
                0x0000000008009284       0xc4 Middlewares/Third_Party/FreeRTOS/Source/portable/MemMang/heap_4.o
 .text.prvInsertBlockIntoFreeList
                0x0000000008009348       0xb4 Middlewares/Third_Party/FreeRTOS/Source/portable/MemMang/heap_4.o
 .text.MX_USB_DEVICE_Init
                0x00000000080093fc       0x60 USB_DEVICE/App/usb_device.o
                0x00000000080093fc                MX_USB_DEVICE_Init
 .text.CDC_Init_FS
                0x000000000800945c       0x28 USB_DEVICE/App/usbd_cdc_if.o
 .text.CDC_DeInit_FS
                0x0000000008009484       0x10 USB_DEVICE/App/usbd_cdc_if.o
 .text.CDC_Control_FS
                0x0000000008009494       0xbc USB_DEVICE/App/usbd_cdc_if.o
 .text.CDC_Receive_FS
                0x0000000008009550       0x28 USB_DEVICE/App/usbd_cdc_if.o
 .text.CDC_TransmitCplt_FS
                0x0000000008009578       0x22 USB_DEVICE/App/usbd_cdc_if.o
 *fill*         0x000000000800959a        0x2 
 .text.USBD_FS_DeviceDescriptor
                0x000000000800959c       0x24 USB_DEVICE/App/usbd_desc.o
                0x000000000800959c                USBD_FS_DeviceDescriptor
 .text.USBD_FS_LangIDStrDescriptor
                0x00000000080095c0       0x24 USB_DEVICE/App/usbd_desc.o
                0x00000000080095c0                USBD_FS_LangIDStrDescriptor
 .text.USBD_FS_ProductStrDescriptor
                0x00000000080095e4       0x3c USB_DEVICE/App/usbd_desc.o
                0x00000000080095e4                USBD_FS_ProductStrDescriptor
 .text.USBD_FS_ManufacturerStrDescriptor
                0x0000000008009620       0x28 USB_DEVICE/App/usbd_desc.o
                0x0000000008009620                USBD_FS_ManufacturerStrDescriptor
 .text.USBD_FS_SerialStrDescriptor
                0x0000000008009648       0x24 USB_DEVICE/App/usbd_desc.o
                0x0000000008009648                USBD_FS_SerialStrDescriptor
 .text.USBD_FS_ConfigStrDescriptor
                0x000000000800966c       0x3c USB_DEVICE/App/usbd_desc.o
                0x000000000800966c                USBD_FS_ConfigStrDescriptor
 .text.USBD_FS_InterfaceStrDescriptor
                0x00000000080096a8       0x3c USB_DEVICE/App/usbd_desc.o
                0x00000000080096a8                USBD_FS_InterfaceStrDescriptor
 .text.Get_SerialNum
                0x00000000080096e4       0x58 USB_DEVICE/App/usbd_desc.o
 .text.IntToUnicode
                0x000000000800973c       0x7e USB_DEVICE/App/usbd_desc.o
 *fill*         0x00000000080097ba        0x2 
 .text.HAL_PCD_MspInit
                0x00000000080097bc       0xa8 USB_DEVICE/Target/usbd_conf.o
                0x00000000080097bc                HAL_PCD_MspInit
 .text.HAL_PCD_SetupStageCallback
                0x0000000008009864       0x24 USB_DEVICE/Target/usbd_conf.o
                0x0000000008009864                HAL_PCD_SetupStageCallback
 .text.HAL_PCD_DataOutStageCallback
                0x0000000008009888       0x36 USB_DEVICE/Target/usbd_conf.o
                0x0000000008009888                HAL_PCD_DataOutStageCallback
 .text.HAL_PCD_DataInStageCallback
                0x00000000080098be       0x34 USB_DEVICE/Target/usbd_conf.o
                0x00000000080098be                HAL_PCD_DataInStageCallback
 .text.HAL_PCD_SOFCallback
                0x00000000080098f2       0x1c USB_DEVICE/Target/usbd_conf.o
                0x00000000080098f2                HAL_PCD_SOFCallback
 .text.HAL_PCD_ResetCallback
                0x000000000800990e       0x50 USB_DEVICE/Target/usbd_conf.o
                0x000000000800990e                HAL_PCD_ResetCallback
 *fill*         0x000000000800995e        0x2 
 .text.HAL_PCD_SuspendCallback
                0x0000000008009960       0x4c USB_DEVICE/Target/usbd_conf.o
                0x0000000008009960                HAL_PCD_SuspendCallback
 .text.HAL_PCD_ResumeCallback
                0x00000000080099ac       0x1c USB_DEVICE/Target/usbd_conf.o
                0x00000000080099ac                HAL_PCD_ResumeCallback
 .text.HAL_PCD_ISOOUTIncompleteCallback
                0x00000000080099c8       0x24 USB_DEVICE/Target/usbd_conf.o
                0x00000000080099c8                HAL_PCD_ISOOUTIncompleteCallback
 .text.HAL_PCD_ISOINIncompleteCallback
                0x00000000080099ec       0x24 USB_DEVICE/Target/usbd_conf.o
                0x00000000080099ec                HAL_PCD_ISOINIncompleteCallback
 .text.HAL_PCD_ConnectCallback
                0x0000000008009a10       0x1c USB_DEVICE/Target/usbd_conf.o
                0x0000000008009a10                HAL_PCD_ConnectCallback
 .text.HAL_PCD_DisconnectCallback
                0x0000000008009a2c       0x1c USB_DEVICE/Target/usbd_conf.o
                0x0000000008009a2c                HAL_PCD_DisconnectCallback
 .text.USBD_LL_Init
                0x0000000008009a48       0x98 USB_DEVICE/Target/usbd_conf.o
                0x0000000008009a48                USBD_LL_Init
 .text.USBD_LL_Start
                0x0000000008009ae0       0x36 USB_DEVICE/Target/usbd_conf.o
                0x0000000008009ae0                USBD_LL_Start
 .text.USBD_LL_OpenEP
                0x0000000008009b16       0x4c USB_DEVICE/Target/usbd_conf.o
                0x0000000008009b16                USBD_LL_OpenEP
 .text.USBD_LL_CloseEP
                0x0000000008009b62       0x3e USB_DEVICE/Target/usbd_conf.o
                0x0000000008009b62                USBD_LL_CloseEP
 .text.USBD_LL_StallEP
                0x0000000008009ba0       0x3e USB_DEVICE/Target/usbd_conf.o
                0x0000000008009ba0                USBD_LL_StallEP
 .text.USBD_LL_ClearStallEP
                0x0000000008009bde       0x3e USB_DEVICE/Target/usbd_conf.o
                0x0000000008009bde                USBD_LL_ClearStallEP
 .text.USBD_LL_IsStallEP
                0x0000000008009c1c       0x58 USB_DEVICE/Target/usbd_conf.o
                0x0000000008009c1c                USBD_LL_IsStallEP
 .text.USBD_LL_SetUSBAddress
                0x0000000008009c74       0x3e USB_DEVICE/Target/usbd_conf.o
                0x0000000008009c74                USBD_LL_SetUSBAddress
 .text.USBD_LL_Transmit
                0x0000000008009cb2       0x42 USB_DEVICE/Target/usbd_conf.o
                0x0000000008009cb2                USBD_LL_Transmit
 .text.USBD_LL_PrepareReceive
                0x0000000008009cf4       0x42 USB_DEVICE/Target/usbd_conf.o
                0x0000000008009cf4                USBD_LL_PrepareReceive
 .text.USBD_LL_GetRxDataSize
                0x0000000008009d36       0x26 USB_DEVICE/Target/usbd_conf.o
                0x0000000008009d36                USBD_LL_GetRxDataSize
 .text.USBD_static_malloc
                0x0000000008009d5c       0x1c USB_DEVICE/Target/usbd_conf.o
                0x0000000008009d5c                USBD_static_malloc
 .text.USBD_static_free
                0x0000000008009d78       0x14 USB_DEVICE/Target/usbd_conf.o
                0x0000000008009d78                USBD_static_free
 .text.USBD_Get_USB_Status
                0x0000000008009d8c       0x58 USB_DEVICE/Target/usbd_conf.o
                0x0000000008009d8c                USBD_Get_USB_Status
 .text.__libc_init_array
                0x0000000008009de4       0x48 c:/st/stm32cubeide_1.6.1/stm32cubeide/plugins/com.st.stm32cube.ide.mcu.externaltools.gnu-tools-for-stm32.9-2020-q2-update.win32_1.5.0.202011040924/tools/bin/../lib/gcc/arm-none-eabi/9.3.1/../../../../arm-none-eabi/lib/thumb/v7e-m+fp/hard\libc_nano.a(lib_a-init.o)
                0x0000000008009de4                __libc_init_array
 .text.memset   0x0000000008009e2c       0x10 c:/st/stm32cubeide_1.6.1/stm32cubeide/plugins/com.st.stm32cube.ide.mcu.externaltools.gnu-tools-for-stm32.9-2020-q2-update.win32_1.5.0.202011040924/tools/bin/../lib/gcc/arm-none-eabi/9.3.1/../../../../arm-none-eabi/lib/thumb/v7e-m+fp/hard\libc_nano.a(lib_a-memset.o)
                0x0000000008009e2c                memset
 *(.glue_7)
 .glue_7        0x0000000008009e3c        0x0 linker stubs
 *(.glue_7t)
 .glue_7t       0x0000000008009e3c        0x0 linker stubs
 *(.eh_frame)
 .eh_frame      0x0000000008009e3c        0x0 c:/st/stm32cubeide_1.6.1/stm32cubeide/plugins/com.st.stm32cube.ide.mcu.externaltools.gnu-tools-for-stm32.9-2020-q2-update.win32_1.5.0.202011040924/tools/bin/../lib/gcc/arm-none-eabi/9.3.1/thumb/v7e-m+fp/hard/crtbegin.o
 *(.init)
 .init          0x0000000008009e3c        0x4 c:/st/stm32cubeide_1.6.1/stm32cubeide/plugins/com.st.stm32cube.ide.mcu.externaltools.gnu-tools-for-stm32.9-2020-q2-update.win32_1.5.0.202011040924/tools/bin/../lib/gcc/arm-none-eabi/9.3.1/thumb/v7e-m+fp/hard/crti.o
                0x0000000008009e3c                _init
 .init          0x0000000008009e40        0x8 c:/st/stm32cubeide_1.6.1/stm32cubeide/plugins/com.st.stm32cube.ide.mcu.externaltools.gnu-tools-for-stm32.9-2020-q2-update.win32_1.5.0.202011040924/tools/bin/../lib/gcc/arm-none-eabi/9.3.1/thumb/v7e-m+fp/hard/crtn.o
 *(.fini)
 .fini          0x0000000008009e48        0x4 c:/st/stm32cubeide_1.6.1/stm32cubeide/plugins/com.st.stm32cube.ide.mcu.externaltools.gnu-tools-for-stm32.9-2020-q2-update.win32_1.5.0.202011040924/tools/bin/../lib/gcc/arm-none-eabi/9.3.1/thumb/v7e-m+fp/hard/crti.o
                0x0000000008009e48                _fini
 .fini          0x0000000008009e4c        0x8 c:/st/stm32cubeide_1.6.1/stm32cubeide/plugins/com.st.stm32cube.ide.mcu.externaltools.gnu-tools-for-stm32.9-2020-q2-update.win32_1.5.0.202011040924/tools/bin/../lib/gcc/arm-none-eabi/9.3.1/thumb/v7e-m+fp/hard/crtn.o
                0x0000000008009e54                . = ALIGN (0x4)
                0x0000000008009e54                _etext = .

.vfp11_veneer   0x0000000008009e54        0x0
 .vfp11_veneer  0x0000000008009e54        0x0 linker stubs

.v4_bx          0x0000000008009e54        0x0
 .v4_bx         0x0000000008009e54        0x0 linker stubs

.iplt           0x0000000008009e54        0x0
 .iplt          0x0000000008009e54        0x0 c:/st/stm32cubeide_1.6.1/stm32cubeide/plugins/com.st.stm32cube.ide.mcu.externaltools.gnu-tools-for-stm32.9-2020-q2-update.win32_1.5.0.202011040924/tools/bin/../lib/gcc/arm-none-eabi/9.3.1/thumb/v7e-m+fp/hard/crtbegin.o

.rodata         0x0000000008009e54       0x94
                0x0000000008009e54                . = ALIGN (0x4)
 *(.rodata)
 .rodata        0x0000000008009e54       0x2c Core/Src/main.o
 .rodata        0x0000000008009e80        0x5 Middlewares/Third_Party/FreeRTOS/Source/tasks.o
 *fill*         0x0000000008009e85        0x3 
 .rodata        0x0000000008009e88       0x46 USB_DEVICE/App/usbd_desc.o
 *(.rodata*)
 *fill*         0x0000000008009ece        0x2 
 .rodata.AHBPrescTable
                0x0000000008009ed0       0x10 Core/Src/system_stm32f4xx.o
                0x0000000008009ed0                AHBPrescTable
 .rodata.APBPrescTable
                0x0000000008009ee0        0x8 Core/Src/system_stm32f4xx.o
                0x0000000008009ee0                APBPrescTable
                0x0000000008009ee8                . = ALIGN (0x4)

.ARM.extab      0x0000000008009ee8        0x0
                0x0000000008009ee8                . = ALIGN (0x4)
 *(.ARM.extab* .gnu.linkonce.armextab.*)
                0x0000000008009ee8                . = ALIGN (0x4)

.ARM            0x0000000008009ee8        0x8
                0x0000000008009ee8                . = ALIGN (0x4)
                0x0000000008009ee8                __exidx_start = .
 *(.ARM.exidx*)
 .ARM.exidx     0x0000000008009ee8        0x8 c:/st/stm32cubeide_1.6.1/stm32cubeide/plugins/com.st.stm32cube.ide.mcu.externaltools.gnu-tools-for-stm32.9-2020-q2-update.win32_1.5.0.202011040924/tools/bin/../lib/gcc/arm-none-eabi/9.3.1/thumb/v7e-m+fp/hard\libgcc.a(_udivmoddi4.o)
                0x0000000008009ef0                __exidx_end = .
                0x0000000008009ef0                . = ALIGN (0x4)

.rel.dyn        0x0000000008009ef0        0x0
 .rel.iplt      0x0000000008009ef0        0x0 c:/st/stm32cubeide_1.6.1/stm32cubeide/plugins/com.st.stm32cube.ide.mcu.externaltools.gnu-tools-for-stm32.9-2020-q2-update.win32_1.5.0.202011040924/tools/bin/../lib/gcc/arm-none-eabi/9.3.1/thumb/v7e-m+fp/hard/crtbegin.o

.preinit_array  0x0000000008009ef0        0x0
                0x0000000008009ef0                . = ALIGN (0x4)
                0x0000000008009ef0                PROVIDE (__preinit_array_start = .)
 *(.preinit_array*)
                0x0000000008009ef0                PROVIDE (__preinit_array_end = .)
                0x0000000008009ef0                . = ALIGN (0x4)

.init_array     0x0000000008009ef0        0x4
                0x0000000008009ef0                . = ALIGN (0x4)
                0x0000000008009ef0                PROVIDE (__init_array_start = .)
 *(SORT_BY_NAME(.init_array.*))
 *(.init_array*)
 .init_array    0x0000000008009ef0        0x4 c:/st/stm32cubeide_1.6.1/stm32cubeide/plugins/com.st.stm32cube.ide.mcu.externaltools.gnu-tools-for-stm32.9-2020-q2-update.win32_1.5.0.202011040924/tools/bin/../lib/gcc/arm-none-eabi/9.3.1/thumb/v7e-m+fp/hard/crtbegin.o
                0x0000000008009ef4                PROVIDE (__init_array_end = .)
                0x0000000008009ef4                . = ALIGN (0x4)

.fini_array     0x0000000008009ef4        0x4
                0x0000000008009ef4                . = ALIGN (0x4)
                [!provide]                        PROVIDE (__fini_array_start = .)
 *(SORT_BY_NAME(.fini_array.*))
 *(.fini_array*)
 .fini_array    0x0000000008009ef4        0x4 c:/st/stm32cubeide_1.6.1/stm32cubeide/plugins/com.st.stm32cube.ide.mcu.externaltools.gnu-tools-for-stm32.9-2020-q2-update.win32_1.5.0.202011040924/tools/bin/../lib/gcc/arm-none-eabi/9.3.1/thumb/v7e-m+fp/hard/crtbegin.o
                [!provide]                        PROVIDE (__fini_array_end = .)
                0x0000000008009ef8                . = ALIGN (0x4)
                0x0000000008009ef8                _sidata = LOADADDR (.data)

.data           0x0000000020000000      0x184 load address 0x0000000008009ef8
                0x0000000020000000                . = ALIGN (0x4)
                0x0000000020000000                _sdata = .
 *(.data)
 *(.data*)
 .data.SystemCoreClock
                0x0000000020000000        0x4 Core/Src/system_stm32f4xx.o
                0x0000000020000000                SystemCoreClock
 .data.uwTickPrio
                0x0000000020000004        0x4 Drivers/STM32F4xx_HAL_Driver/Src/stm32f4xx_hal.o
                0x0000000020000004                uwTickPrio
 .data.uwTickFreq
                0x0000000020000008        0x1 Drivers/STM32F4xx_HAL_Driver/Src/stm32f4xx_hal.o
                0x0000000020000008                uwTickFreq
 *fill*         0x0000000020000009        0x3 
 .data.USBD_CDC_DeviceQualifierDesc
                0x000000002000000c        0xa Middlewares/ST/STM32_USB_Device_Library/Class/CDC/Src/usbd_cdc.o
 *fill*         0x0000000020000016        0x2 
 .data.USBD_CDC
                0x0000000020000018       0x38 Middlewares/ST/STM32_USB_Device_Library/Class/CDC/Src/usbd_cdc.o
                0x0000000020000018                USBD_CDC
 .data.USBD_CDC_CfgHSDesc
                0x0000000020000050       0x43 Middlewares/ST/STM32_USB_Device_Library/Class/CDC/Src/usbd_cdc.o
 *fill*         0x0000000020000093        0x1 
 .data.USBD_CDC_CfgFSDesc
                0x0000000020000094       0x43 Middlewares/ST/STM32_USB_Device_Library/Class/CDC/Src/usbd_cdc.o
 *fill*         0x00000000200000d7        0x1 
 .data.USBD_CDC_OtherSpeedCfgDesc
                0x00000000200000d8       0x43 Middlewares/ST/STM32_USB_Device_Library/Class/CDC/Src/usbd_cdc.o
 *fill*         0x000000002000011b        0x1 
 .data.uxCriticalNesting
                0x000000002000011c        0x4 Middlewares/Third_Party/FreeRTOS/Source/portable/GCC/ARM_CM4F/port.o
 .data.USBD_Interface_fops_FS
                0x0000000020000120       0x14 USB_DEVICE/App/usbd_cdc_if.o
                0x0000000020000120                USBD_Interface_fops_FS
 .data.FS_Desc  0x0000000020000134       0x1c USB_DEVICE/App/usbd_desc.o
                0x0000000020000134                FS_Desc
 .data.USBD_FS_DeviceDesc
                0x0000000020000150       0x12 USB_DEVICE/App/usbd_desc.o
                0x0000000020000150                USBD_FS_DeviceDesc
 *fill*         0x0000000020000162        0x2 
 .data.USBD_LangIDDesc
                0x0000000020000164        0x4 USB_DEVICE/App/usbd_desc.o
                0x0000000020000164                USBD_LangIDDesc
 .data.USBD_StringSerial
                0x0000000020000168       0x1a USB_DEVICE/App/usbd_desc.o
                0x0000000020000168                USBD_StringSerial
 *(.RamFunc)
 *(.RamFunc*)
                0x0000000020000184                . = ALIGN (0x4)
 *fill*         0x0000000020000182        0x2 
                0x0000000020000184                _edata = .

.igot.plt       0x0000000020000184        0x0 load address 0x000000000800a07c
 .igot.plt      0x0000000020000184        0x0 c:/st/stm32cubeide_1.6.1/stm32cubeide/plugins/com.st.stm32cube.ide.mcu.externaltools.gnu-tools-for-stm32.9-2020-q2-update.win32_1.5.0.202011040924/tools/bin/../lib/gcc/arm-none-eabi/9.3.1/thumb/v7e-m+fp/hard/crtbegin.o
                0x0000000020000184                . = ALIGN (0x4)

.bss            0x0000000020000184     0x5d28 load address 0x000000000800a07c
                0x0000000020000184                _sbss = .
                0x0000000020000184                __bss_start__ = _sbss
 *(.bss)
 .bss           0x0000000020000184       0x1c c:/st/stm32cubeide_1.6.1/stm32cubeide/plugins/com.st.stm32cube.ide.mcu.externaltools.gnu-tools-for-stm32.9-2020-q2-update.win32_1.5.0.202011040924/tools/bin/../lib/gcc/arm-none-eabi/9.3.1/thumb/v7e-m+fp/hard/crtbegin.o
 *(.bss*)
 .bss.xIdleTaskTCBBuffer
                0x00000000200001a0       0x54 Core/Src/freertos.o
 .bss.xIdleStack
                0x00000000200001f4      0x200 Core/Src/freertos.o
 .bss.cfgidx.11742
                0x00000000200003f4        0x1 Middlewares/ST/STM32_USB_Device_Library/Core/Src/usbd_ctlreq.o
 *fill*         0x00000000200003f5        0x3 
 .bss.pxCurrentTCB
                0x00000000200003f8        0x4 Middlewares/Third_Party/FreeRTOS/Source/tasks.o
                0x00000000200003f8                pxCurrentTCB
 .bss.pxReadyTasksLists
                0x00000000200003fc       0x8c Middlewares/Third_Party/FreeRTOS/Source/tasks.o
 .bss.xDelayedTaskList1
                0x0000000020000488       0x14 Middlewares/Third_Party/FreeRTOS/Source/tasks.o
 .bss.xDelayedTaskList2
                0x000000002000049c       0x14 Middlewares/Third_Party/FreeRTOS/Source/tasks.o
 .bss.pxDelayedTaskList
                0x00000000200004b0        0x4 Middlewares/Third_Party/FreeRTOS/Source/tasks.o
 .bss.pxOverflowDelayedTaskList
                0x00000000200004b4        0x4 Middlewares/Third_Party/FreeRTOS/Source/tasks.o
 .bss.xPendingReadyList
                0x00000000200004b8       0x14 Middlewares/Third_Party/FreeRTOS/Source/tasks.o
 .bss.xTasksWaitingTermination
                0x00000000200004cc       0x14 Middlewares/Third_Party/FreeRTOS/Source/tasks.o
 .bss.uxDeletedTasksWaitingCleanUp
                0x00000000200004e0        0x4 Middlewares/Third_Party/FreeRTOS/Source/tasks.o
 .bss.xSuspendedTaskList
                0x00000000200004e4       0x14 Middlewares/Third_Party/FreeRTOS/Source/tasks.o
 .bss.uxCurrentNumberOfTasks
                0x00000000200004f8        0x4 Middlewares/Third_Party/FreeRTOS/Source/tasks.o
 .bss.xTickCount
                0x00000000200004fc        0x4 Middlewares/Third_Party/FreeRTOS/Source/tasks.o
 .bss.uxTopReadyPriority
                0x0000000020000500        0x4 Middlewares/Third_Party/FreeRTOS/Source/tasks.o
 .bss.xSchedulerRunning
                0x0000000020000504        0x4 Middlewares/Third_Party/FreeRTOS/Source/tasks.o
 .bss.xPendedTicks
                0x0000000020000508        0x4 Middlewares/Third_Party/FreeRTOS/Source/tasks.o
 .bss.xYieldPending
                0x000000002000050c        0x4 Middlewares/Third_Party/FreeRTOS/Source/tasks.o
 .bss.xNumOfOverflows
                0x0000000020000510        0x4 Middlewares/Third_Party/FreeRTOS/Source/tasks.o
 .bss.uxTaskNumber
                0x0000000020000514        0x4 Middlewares/Third_Party/FreeRTOS/Source/tasks.o
 .bss.xNextTaskUnblockTime
                0x0000000020000518        0x4 Middlewares/Third_Party/FreeRTOS/Source/tasks.o
 .bss.xIdleTaskHandle
                0x000000002000051c        0x4 Middlewares/Third_Party/FreeRTOS/Source/tasks.o
 .bss.uxSchedulerSuspended
                0x0000000020000520        0x4 Middlewares/Third_Party/FreeRTOS/Source/tasks.o
 .bss.ucMaxSysCallPriority
                0x0000000020000524        0x1 Middlewares/Third_Party/FreeRTOS/Source/portable/GCC/ARM_CM4F/port.o
 *fill*         0x0000000020000525        0x3 
 .bss.ulMaxPRIGROUPValue
                0x0000000020000528        0x4 Middlewares/Third_Party/FreeRTOS/Source/portable/GCC/ARM_CM4F/port.o
 .bss.ucHeap    0x000000002000052c     0x3c00 Middlewares/Third_Party/FreeRTOS/Source/portable/MemMang/heap_4.o
 .bss.xStart    0x000000002000412c        0x8 Middlewares/Third_Party/FreeRTOS/Source/portable/MemMang/heap_4.o
 .bss.pxEnd     0x0000000020004134        0x4 Middlewares/Third_Party/FreeRTOS/Source/portable/MemMang/heap_4.o
 .bss.xFreeBytesRemaining
                0x0000000020004138        0x4 Middlewares/Third_Party/FreeRTOS/Source/portable/MemMang/heap_4.o
 .bss.xMinimumEverFreeBytesRemaining
                0x000000002000413c        0x4 Middlewares/Third_Party/FreeRTOS/Source/portable/MemMang/heap_4.o
 .bss.xNumberOfSuccessfulAllocations
                0x0000000020004140        0x4 Middlewares/Third_Party/FreeRTOS/Source/portable/MemMang/heap_4.o
 .bss.xNumberOfSuccessfulFrees
                0x0000000020004144        0x4 Middlewares/Third_Party/FreeRTOS/Source/portable/MemMang/heap_4.o
 .bss.xBlockAllocatedBit
                0x0000000020004148        0x4 Middlewares/Third_Party/FreeRTOS/Source/portable/MemMang/heap_4.o
 .bss.mem.11811
                0x000000002000414c      0x220 USB_DEVICE/Target/usbd_conf.o
 *(COMMON)
 COMMON         0x000000002000436c      0x21c Core/Src/main.o
                0x000000002000436c                huart3
                0x00000000200043b0                huart5
                0x00000000200043f4                hadc3
                0x000000002000443c                hdac
                0x0000000020004450                hrtc
                0x0000000020004470                hspi1
                0x00000000200044c8                hsmbus1
                0x0000000020004518                huart2
                0x000000002000455c                hcan1
                0x0000000020004584                StatusBlinkerTaHandle
 COMMON         0x0000000020004588       0x48 Core/Src/stm32f4xx_hal_timebase_tim.o
                0x0000000020004588                htim6
 COMMON         0x00000000200045d0        0x4 Drivers/STM32F4xx_HAL_Driver/Src/stm32f4xx_hal.o
                0x00000000200045d0                uwTick
 COMMON         0x00000000200045d4      0x2d0 USB_DEVICE/App/usb_device.o
                0x00000000200045d4                hUsbDeviceFS
 COMMON         0x00000000200048a4     0x1000 USB_DEVICE/App/usbd_cdc_if.o
                0x00000000200048a4                UserRxBufferFS
                0x00000000200050a4                UserTxBufferFS
 COMMON         0x00000000200058a4      0x200 USB_DEVICE/App/usbd_desc.o
                0x00000000200058a4                USBD_StrDesc
 COMMON         0x0000000020005aa4      0x408 USB_DEVICE/Target/usbd_conf.o
                0x0000000020005aa4                hpcd_USB_OTG_FS
                0x0000000020005eac                . = ALIGN (0x4)
                0x0000000020005eac                _ebss = .
                0x0000000020005eac                __bss_end__ = _ebss

._user_heap_stack
                0x0000000020005eac      0x604 load address 0x000000000800a07c
                0x0000000020005eb0                . = ALIGN (0x8)
 *fill*         0x0000000020005eac        0x4 
                [!provide]                        PROVIDE (end = .)
                0x0000000020005eb0                PROVIDE (_end = .)
                0x00000000200060b0                . = (. + _Min_Heap_Size)
 *fill*         0x0000000020005eb0      0x200 
                0x00000000200064b0                . = (. + _Min_Stack_Size)
 *fill*         0x00000000200060b0      0x400 
                0x00000000200064b0                . = ALIGN (0x8)

/DISCARD/
 libc.a(*)
 libm.a(*)
 libgcc.a(*)

.ARM.attributes
                0x0000000000000000       0x30
 *(.ARM.attributes)
 .ARM.attributes
                0x0000000000000000       0x1e c:/st/stm32cubeide_1.6.1/stm32cubeide/plugins/com.st.stm32cube.ide.mcu.externaltools.gnu-tools-for-stm32.9-2020-q2-update.win32_1.5.0.202011040924/tools/bin/../lib/gcc/arm-none-eabi/9.3.1/thumb/v7e-m+fp/hard/crti.o
 .ARM.attributes
                0x000000000000001e       0x34 c:/st/stm32cubeide_1.6.1/stm32cubeide/plugins/com.st.stm32cube.ide.mcu.externaltools.gnu-tools-for-stm32.9-2020-q2-update.win32_1.5.0.202011040924/tools/bin/../lib/gcc/arm-none-eabi/9.3.1/thumb/v7e-m+fp/hard/crtbegin.o
 .ARM.attributes
                0x0000000000000052       0x34 Core/Src/freertos.o
 .ARM.attributes
                0x0000000000000086       0x34 Core/Src/main.o
 .ARM.attributes
                0x00000000000000ba       0x34 Core/Src/stm32f4xx_hal_msp.o
 .ARM.attributes
                0x00000000000000ee       0x34 Core/Src/stm32f4xx_hal_timebase_tim.o
 .ARM.attributes
                0x0000000000000122       0x34 Core/Src/stm32f4xx_it.o
 .ARM.attributes
                0x0000000000000156       0x34 Core/Src/system_stm32f4xx.o
 .ARM.attributes
                0x000000000000018a       0x21 Core/Startup/startup_stm32f405rgtx.o
 .ARM.attributes
                0x00000000000001ab       0x34 Drivers/STM32F4xx_HAL_Driver/Src/stm32f4xx_hal.o
 .ARM.attributes
                0x00000000000001df       0x34 Drivers/STM32F4xx_HAL_Driver/Src/stm32f4xx_hal_adc.o
 .ARM.attributes
                0x0000000000000213       0x34 Drivers/STM32F4xx_HAL_Driver/Src/stm32f4xx_hal_can.o
 .ARM.attributes
                0x0000000000000247       0x34 Drivers/STM32F4xx_HAL_Driver/Src/stm32f4xx_hal_cortex.o
 .ARM.attributes
                0x000000000000027b       0x34 Drivers/STM32F4xx_HAL_Driver/Src/stm32f4xx_hal_dac.o
 .ARM.attributes
                0x00000000000002af       0x34 Drivers/STM32F4xx_HAL_Driver/Src/stm32f4xx_hal_dac_ex.o
 .ARM.attributes
                0x00000000000002e3       0x34 Drivers/STM32F4xx_HAL_Driver/Src/stm32f4xx_hal_gpio.o
 .ARM.attributes
                0x0000000000000317       0x34 Drivers/STM32F4xx_HAL_Driver/Src/stm32f4xx_hal_pcd.o
 .ARM.attributes
                0x000000000000034b       0x34 Drivers/STM32F4xx_HAL_Driver/Src/stm32f4xx_hal_pcd_ex.o
 .ARM.attributes
                0x000000000000037f       0x34 Drivers/STM32F4xx_HAL_Driver/Src/stm32f4xx_hal_rcc.o
 .ARM.attributes
                0x00000000000003b3       0x34 Drivers/STM32F4xx_HAL_Driver/Src/stm32f4xx_hal_rcc_ex.o
 .ARM.attributes
                0x00000000000003e7       0x34 Drivers/STM32F4xx_HAL_Driver/Src/stm32f4xx_hal_rtc.o
 .ARM.attributes
                0x000000000000041b       0x34 Drivers/STM32F4xx_HAL_Driver/Src/stm32f4xx_hal_smbus.o
 .ARM.attributes
                0x000000000000044f       0x34 Drivers/STM32F4xx_HAL_Driver/Src/stm32f4xx_hal_spi.o
 .ARM.attributes
                0x0000000000000483       0x34 Drivers/STM32F4xx_HAL_Driver/Src/stm32f4xx_hal_tim.o
 .ARM.attributes
                0x00000000000004b7       0x34 Drivers/STM32F4xx_HAL_Driver/Src/stm32f4xx_hal_tim_ex.o
 .ARM.attributes
                0x00000000000004eb       0x34 Drivers/STM32F4xx_HAL_Driver/Src/stm32f4xx_hal_uart.o
 .ARM.attributes
                0x000000000000051f       0x34 Drivers/STM32F4xx_HAL_Driver/Src/stm32f4xx_ll_usb.o
 .ARM.attributes
                0x0000000000000553       0x34 Middlewares/ST/STM32_USB_Device_Library/Class/CDC/Src/usbd_cdc.o
 .ARM.attributes
                0x0000000000000587       0x34 Middlewares/ST/STM32_USB_Device_Library/Core/Src/usbd_core.o
 .ARM.attributes
                0x00000000000005bb       0x34 Middlewares/ST/STM32_USB_Device_Library/Core/Src/usbd_ctlreq.o
 .ARM.attributes
                0x00000000000005ef       0x34 Middlewares/ST/STM32_USB_Device_Library/Core/Src/usbd_ioreq.o
 .ARM.attributes
                0x0000000000000623       0x34 Middlewares/Third_Party/FreeRTOS/Source/CMSIS_RTOS/cmsis_os.o
 .ARM.attributes
                0x0000000000000657       0x34 Middlewares/Third_Party/FreeRTOS/Source/list.o
 .ARM.attributes
                0x000000000000068b       0x34 Middlewares/Third_Party/FreeRTOS/Source/tasks.o
 .ARM.attributes
                0x00000000000006bf       0x34 Middlewares/Third_Party/FreeRTOS/Source/portable/GCC/ARM_CM4F/port.o
 .ARM.attributes
                0x00000000000006f3       0x34 Middlewares/Third_Party/FreeRTOS/Source/portable/MemMang/heap_4.o
 .ARM.attributes
                0x0000000000000727       0x34 USB_DEVICE/App/usb_device.o
 .ARM.attributes
                0x000000000000075b       0x34 USB_DEVICE/App/usbd_cdc_if.o
 .ARM.attributes
                0x000000000000078f       0x34 USB_DEVICE/App/usbd_desc.o
 .ARM.attributes
                0x00000000000007c3       0x34 USB_DEVICE/Target/usbd_conf.o
 .ARM.attributes
                0x00000000000007f7       0x34 c:/st/stm32cubeide_1.6.1/stm32cubeide/plugins/com.st.stm32cube.ide.mcu.externaltools.gnu-tools-for-stm32.9-2020-q2-update.win32_1.5.0.202011040924/tools/bin/../lib/gcc/arm-none-eabi/9.3.1/../../../../arm-none-eabi/lib/thumb/v7e-m+fp/hard\libc_nano.a(lib_a-init.o)
 .ARM.attributes
                0x000000000000082b       0x34 c:/st/stm32cubeide_1.6.1/stm32cubeide/plugins/com.st.stm32cube.ide.mcu.externaltools.gnu-tools-for-stm32.9-2020-q2-update.win32_1.5.0.202011040924/tools/bin/../lib/gcc/arm-none-eabi/9.3.1/../../../../arm-none-eabi/lib/thumb/v7e-m+fp/hard\libc_nano.a(lib_a-memset.o)
 .ARM.attributes
                0x000000000000085f       0x1e c:/st/stm32cubeide_1.6.1/stm32cubeide/plugins/com.st.stm32cube.ide.mcu.externaltools.gnu-tools-for-stm32.9-2020-q2-update.win32_1.5.0.202011040924/tools/bin/../lib/gcc/arm-none-eabi/9.3.1/thumb/v7e-m+fp/hard\libgcc.a(_aeabi_uldivmod.o)
 .ARM.attributes
                0x000000000000087d       0x34 c:/st/stm32cubeide_1.6.1/stm32cubeide/plugins/com.st.stm32cube.ide.mcu.externaltools.gnu-tools-for-stm32.9-2020-q2-update.win32_1.5.0.202011040924/tools/bin/../lib/gcc/arm-none-eabi/9.3.1/thumb/v7e-m+fp/hard\libgcc.a(_udivmoddi4.o)
 .ARM.attributes
                0x00000000000008b1       0x1e c:/st/stm32cubeide_1.6.1/stm32cubeide/plugins/com.st.stm32cube.ide.mcu.externaltools.gnu-tools-for-stm32.9-2020-q2-update.win32_1.5.0.202011040924/tools/bin/../lib/gcc/arm-none-eabi/9.3.1/thumb/v7e-m+fp/hard\libgcc.a(_dvmd_tls.o)
 .ARM.attributes
                0x00000000000008cf       0x1e c:/st/stm32cubeide_1.6.1/stm32cubeide/plugins/com.st.stm32cube.ide.mcu.externaltools.gnu-tools-for-stm32.9-2020-q2-update.win32_1.5.0.202011040924/tools/bin/../lib/gcc/arm-none-eabi/9.3.1/thumb/v7e-m+fp/hard/crtn.o
OUTPUT(STM32F405RGTx_CubeMX_Conf.elf elf32-littlearm)
LOAD linker stubs
LOAD c:/st/stm32cubeide_1.6.1/stm32cubeide/plugins/com.st.stm32cube.ide.mcu.externaltools.gnu-tools-for-stm32.9-2020-q2-update.win32_1.5.0.202011040924/tools/bin/../lib/gcc/arm-none-eabi/9.3.1/../../../../arm-none-eabi/lib/thumb/v7e-m+fp/hard\libc.a
LOAD c:/st/stm32cubeide_1.6.1/stm32cubeide/plugins/com.st.stm32cube.ide.mcu.externaltools.gnu-tools-for-stm32.9-2020-q2-update.win32_1.5.0.202011040924/tools/bin/../lib/gcc/arm-none-eabi/9.3.1/../../../../arm-none-eabi/lib/thumb/v7e-m+fp/hard\libm.a
LOAD c:/st/stm32cubeide_1.6.1/stm32cubeide/plugins/com.st.stm32cube.ide.mcu.externaltools.gnu-tools-for-stm32.9-2020-q2-update.win32_1.5.0.202011040924/tools/bin/../lib/gcc/arm-none-eabi/9.3.1/thumb/v7e-m+fp/hard\libgcc.a

.debug_info     0x0000000000000000    0x29c8a
 .debug_info    0x0000000000000000      0x36d Core/Src/freertos.o
 .debug_info    0x000000000000036d     0x2e3f Core/Src/main.o
 .debug_info    0x00000000000031ac     0x200e Core/Src/stm32f4xx_hal_msp.o
 .debug_info    0x00000000000051ba      0xc5a Core/Src/stm32f4xx_hal_timebase_tim.o
 .debug_info    0x0000000000005e14      0xde9 Core/Src/stm32f4xx_it.o
 .debug_info    0x0000000000006bfd      0x5a4 Core/Src/system_stm32f4xx.o
 .debug_info    0x00000000000071a1       0x22 Core/Startup/startup_stm32f405rgtx.o
 .debug_info    0x00000000000071c3      0x9a0 Drivers/STM32F4xx_HAL_Driver/Src/stm32f4xx_hal.o
 .debug_info    0x0000000000007b63      0xdbc Drivers/STM32F4xx_HAL_Driver/Src/stm32f4xx_hal_adc.o
 .debug_info    0x000000000000891f     0x1089 Drivers/STM32F4xx_HAL_Driver/Src/stm32f4xx_hal_can.o
 .debug_info    0x00000000000099a8      0xec5 Drivers/STM32F4xx_HAL_Driver/Src/stm32f4xx_hal_cortex.o
 .debug_info    0x000000000000a86d      0xac4 Drivers/STM32F4xx_HAL_Driver/Src/stm32f4xx_hal_dac.o
 .debug_info    0x000000000000b331      0x8a7 Drivers/STM32F4xx_HAL_Driver/Src/stm32f4xx_hal_dac_ex.o
 .debug_info    0x000000000000bbd8      0x83e Drivers/STM32F4xx_HAL_Driver/Src/stm32f4xx_hal_gpio.o
 .debug_info    0x000000000000c416     0x12dd Drivers/STM32F4xx_HAL_Driver/Src/stm32f4xx_hal_pcd.o
 .debug_info    0x000000000000d6f3      0x7c3 Drivers/STM32F4xx_HAL_Driver/Src/stm32f4xx_hal_pcd_ex.o
 .debug_info    0x000000000000deb6      0x996 Drivers/STM32F4xx_HAL_Driver/Src/stm32f4xx_hal_rcc.o
 .debug_info    0x000000000000e84c      0x603 Drivers/STM32F4xx_HAL_Driver/Src/stm32f4xx_hal_rcc_ex.o
 .debug_info    0x000000000000ee4f      0xd41 Drivers/STM32F4xx_HAL_Driver/Src/stm32f4xx_hal_rtc.o
 .debug_info    0x000000000000fb90     0x10fb Drivers/STM32F4xx_HAL_Driver/Src/stm32f4xx_hal_smbus.o
 .debug_info    0x0000000000010c8b     0x17c0 Drivers/STM32F4xx_HAL_Driver/Src/stm32f4xx_hal_spi.o
 .debug_info    0x000000000001244b     0x2a90 Drivers/STM32F4xx_HAL_Driver/Src/stm32f4xx_hal_tim.o
 .debug_info    0x0000000000014edb     0x1522 Drivers/STM32F4xx_HAL_Driver/Src/stm32f4xx_hal_tim_ex.o
 .debug_info    0x00000000000163fd     0x1665 Drivers/STM32F4xx_HAL_Driver/Src/stm32f4xx_hal_uart.o
 .debug_info    0x0000000000017a62     0x1a8c Drivers/STM32F4xx_HAL_Driver/Src/stm32f4xx_ll_usb.o
 .debug_info    0x00000000000194ee     0x198b Middlewares/ST/STM32_USB_Device_Library/Class/CDC/Src/usbd_cdc.o
 .debug_info    0x000000000001ae79     0x13a7 Middlewares/ST/STM32_USB_Device_Library/Core/Src/usbd_core.o
 .debug_info    0x000000000001c220     0x1373 Middlewares/ST/STM32_USB_Device_Library/Core/Src/usbd_ctlreq.o
 .debug_info    0x000000000001d593     0x1095 Middlewares/ST/STM32_USB_Device_Library/Core/Src/usbd_ioreq.o
 .debug_info    0x000000000001e628     0x203a Middlewares/Third_Party/FreeRTOS/Source/CMSIS_RTOS/cmsis_os.o
 .debug_info    0x0000000000020662      0xb82 Middlewares/Third_Party/FreeRTOS/Source/list.o
 .debug_info    0x00000000000211e4     0x2575 Middlewares/Third_Party/FreeRTOS/Source/tasks.o
 .debug_info    0x0000000000023759      0x4f1 Middlewares/Third_Party/FreeRTOS/Source/portable/GCC/ARM_CM4F/port.o
 .debug_info    0x0000000000023c4a      0xd8a Middlewares/Third_Party/FreeRTOS/Source/portable/MemMang/heap_4.o
 .debug_info    0x00000000000249d4      0xffe USB_DEVICE/App/usb_device.o
 .debug_info    0x00000000000259d2     0x122f USB_DEVICE/App/usbd_cdc_if.o
 .debug_info    0x0000000000026c01      0xdfa USB_DEVICE/App/usbd_desc.o
 .debug_info    0x00000000000279fb     0x228f USB_DEVICE/Target/usbd_conf.o

.debug_abbrev   0x0000000000000000     0x5834
 .debug_abbrev  0x0000000000000000      0x11d Core/Src/freertos.o
 .debug_abbrev  0x000000000000011d      0x338 Core/Src/main.o
 .debug_abbrev  0x0000000000000455      0x240 Core/Src/stm32f4xx_hal_msp.o
 .debug_abbrev  0x0000000000000695      0x1bf Core/Src/stm32f4xx_hal_timebase_tim.o
 .debug_abbrev  0x0000000000000854      0x1c7 Core/Src/stm32f4xx_it.o
 .debug_abbrev  0x0000000000000a1b      0x145 Core/Src/system_stm32f4xx.o
 .debug_abbrev  0x0000000000000b60       0x12 Core/Startup/startup_stm32f405rgtx.o
 .debug_abbrev  0x0000000000000b72      0x1ed Drivers/STM32F4xx_HAL_Driver/Src/stm32f4xx_hal.o
 .debug_abbrev  0x0000000000000d5f      0x22f Drivers/STM32F4xx_HAL_Driver/Src/stm32f4xx_hal_adc.o
 .debug_abbrev  0x0000000000000f8e      0x246 Drivers/STM32F4xx_HAL_Driver/Src/stm32f4xx_hal_can.o
 .debug_abbrev  0x00000000000011d4      0x33c Drivers/STM32F4xx_HAL_Driver/Src/stm32f4xx_hal_cortex.o
 .debug_abbrev  0x0000000000001510      0x1f2 Drivers/STM32F4xx_HAL_Driver/Src/stm32f4xx_hal_dac.o
 .debug_abbrev  0x0000000000001702      0x214 Drivers/STM32F4xx_HAL_Driver/Src/stm32f4xx_hal_dac_ex.o
 .debug_abbrev  0x0000000000001916      0x1f1 Drivers/STM32F4xx_HAL_Driver/Src/stm32f4xx_hal_gpio.o
 .debug_abbrev  0x0000000000001b07      0x2a0 Drivers/STM32F4xx_HAL_Driver/Src/stm32f4xx_hal_pcd.o
 .debug_abbrev  0x0000000000001da7      0x1fb Drivers/STM32F4xx_HAL_Driver/Src/stm32f4xx_hal_pcd_ex.o
 .debug_abbrev  0x0000000000001fa2      0x275 Drivers/STM32F4xx_HAL_Driver/Src/stm32f4xx_hal_rcc.o
 .debug_abbrev  0x0000000000002217      0x18f Drivers/STM32F4xx_HAL_Driver/Src/stm32f4xx_hal_rcc_ex.o
 .debug_abbrev  0x00000000000023a6      0x1e4 Drivers/STM32F4xx_HAL_Driver/Src/stm32f4xx_hal_rtc.o
 .debug_abbrev  0x000000000000258a      0x24a Drivers/STM32F4xx_HAL_Driver/Src/stm32f4xx_hal_smbus.o
 .debug_abbrev  0x00000000000027d4      0x26e Drivers/STM32F4xx_HAL_Driver/Src/stm32f4xx_hal_spi.o
 .debug_abbrev  0x0000000000002a42      0x25e Drivers/STM32F4xx_HAL_Driver/Src/stm32f4xx_hal_tim.o
 .debug_abbrev  0x0000000000002ca0      0x266 Drivers/STM32F4xx_HAL_Driver/Src/stm32f4xx_hal_tim_ex.o
 .debug_abbrev  0x0000000000002f06      0x28b Drivers/STM32F4xx_HAL_Driver/Src/stm32f4xx_hal_uart.o
 .debug_abbrev  0x0000000000003191      0x2a7 Drivers/STM32F4xx_HAL_Driver/Src/stm32f4xx_ll_usb.o
 .debug_abbrev  0x0000000000003438      0x2fc Middlewares/ST/STM32_USB_Device_Library/Class/CDC/Src/usbd_cdc.o
 .debug_abbrev  0x0000000000003734      0x2b7 Middlewares/ST/STM32_USB_Device_Library/Core/Src/usbd_core.o
 .debug_abbrev  0x00000000000039eb      0x2fc Middlewares/ST/STM32_USB_Device_Library/Core/Src/usbd_ctlreq.o
 .debug_abbrev  0x0000000000003ce7      0x22a Middlewares/ST/STM32_USB_Device_Library/Core/Src/usbd_ioreq.o
 .debug_abbrev  0x0000000000003f11      0x3c2 Middlewares/Third_Party/FreeRTOS/Source/CMSIS_RTOS/cmsis_os.o
 .debug_abbrev  0x00000000000042d3      0x1f7 Middlewares/Third_Party/FreeRTOS/Source/list.o
 .debug_abbrev  0x00000000000044ca      0x380 Middlewares/Third_Party/FreeRTOS/Source/tasks.o
 .debug_abbrev  0x000000000000484a      0x231 Middlewares/Third_Party/FreeRTOS/Source/portable/GCC/ARM_CM4F/port.o
 .debug_abbrev  0x0000000000004a7b      0x2d3 Middlewares/Third_Party/FreeRTOS/Source/portable/MemMang/heap_4.o
 .debug_abbrev  0x0000000000004d4e      0x204 USB_DEVICE/App/usb_device.o
 .debug_abbrev  0x0000000000004f52      0x30c USB_DEVICE/App/usbd_cdc_if.o
 .debug_abbrev  0x000000000000525e      0x2aa USB_DEVICE/App/usbd_desc.o
 .debug_abbrev  0x0000000000005508      0x32c USB_DEVICE/Target/usbd_conf.o

.debug_aranges  0x0000000000000000     0x1fb0
 .debug_aranges
                0x0000000000000000       0x20 Core/Src/freertos.o
 .debug_aranges
                0x0000000000000020       0x90 Core/Src/main.o
 .debug_aranges
                0x00000000000000b0       0x90 Core/Src/stm32f4xx_hal_msp.o
 .debug_aranges
                0x0000000000000140       0x30 Core/Src/stm32f4xx_hal_timebase_tim.o
 .debug_aranges
                0x0000000000000170       0x58 Core/Src/stm32f4xx_it.o
 .debug_aranges
                0x00000000000001c8       0x28 Core/Src/system_stm32f4xx.o
 .debug_aranges
                0x00000000000001f0       0x28 Core/Startup/startup_stm32f405rgtx.o
 .debug_aranges