main.c:93:5:main	48	static
main.c:174:6:SystemClock_Config	104	static
main.c:226:13:MX_ADC3_Init	24	static
main.c:276:13:MX_CAN1_Init	8	static
main.c:313:13:MX_DAC_Init	16	static
main.c:351:13:MX_I2C1_SMBUS_Init	8	static
main.c:385:13:MX_RTC_Init	32	static
main.c:447:13:MX_SPI1_Init	8	static
main.c:485:13:MX_UART5_Init	8	static
main.c:518:13:MX_USART2_UART_Init	8	static
main.c:551:13:MX_USART3_UART_Init	8	static
main.c:584:13:MX_GPIO_Init	48	static
main.c:649:6:StatusBlinkerTask_Init	16	static
main.c:673:6:HAL_TIM_PeriodElapsedCallback	16	static
main.c:690:6:Error_Handler	4	static,ignoring_inline_asm
